
> crm-project@0.1.0 build
> npx prisma migrate deploy && npx prisma generate && next build

Environment variables loaded from .env
Prisma schema loaded from prisma\schema.prisma
Datasource "db": PostgreSQL database "crm", schema "public" at "31.97.23.166:5434"

30 migrations found in prisma/migrations


No pending migrations to apply.
Environment variables loaded from .env
Prisma schema loaded from prisma\schema.prisma

Ô£ö Generated Prisma Client (v5.19.0) to .\node_modules\@prisma\client in 866ms

Start by importing your Prisma Client (See: http://pris.ly/d/importing-client)

Tip: Easily identify and fix slow SQL queries in your app. Optimize helps you enhance your visibility: https://pris.ly/--optimize

node.exe : [@sentry/nextjs] ACTION REQUIRED: To 
instrument navigations, the Sentry SDK requires you 
to export an `onRouterTransitionStart` hook from your 
`instrumentation-client.(js|ts)` file. You can do so 
by adding `export const onRouterTransitionStart = 
Sentry.captureRouterTransitionStart;` to the file.
No linha:1 caractere:1
+ & "C:\Program Files\nodejs/node.exe" "C:\Program 
Files\nodejs/node_mo ...
+ ~~~~~~~~~~~~~~~~~~~~~~~~~~~~~~~~~~~~~~~~~~~~~~~~~~~~
~~~~~~~~~~~~~~~~~
    + CategoryInfo          : NotSpecified: ([@sentry 
   /nextjs...;` to the file.:String) [], RemoteExcep  
  tion
    + FullyQualifiedErrorId : NativeCommandError
 
ÔÜá Warning: Next.js inferred your workspace root, 
but it may not be correct.
 We detected multiple lockfiles and selected the 
directory of C:\Users\jeanz\package-lock.json as the 
root directory.
 To silence this warning, set `turbopack.root` in 
your Next.js config, or consider removing one of the 
lockfiles if it's not needed.
   See https://nextjs.org/docs/app/api-reference/confi
g/next-config-js/turbopack#root-directory for more 
information.
 Detected additional lockfiles: 
   * C:\Users\jeanz\OneDrive\Desktop\ROI 
Labs\CRM\crm-project\package-lock.json

Ôû▓ Next.js 16.1.1 (Turbopack)
- Environments: .env
- Experiments (use with caution):
  ┬À clientTraceMetadata

ÔÜá The "middleware" file convention is deprecated. 
Please use "proxy" instead. Learn more: 
https://nextjs.org/docs/messages/middleware-to-proxy
  Creating an optimized production build ...
[@sentry/nextjs] ACTION REQUIRED: To instrument 
navigations, the Sentry SDK requires you to export an 
`onRouterTransitionStart` hook from your 
`instrumentation-client.(js|ts)` file. You can do so 
by adding `export const onRouterTransitionStart = 
Sentry.captureRouterTransitionStart;` to the file.

> Build error occurred
Error: Turbopack build failed with 15 errors:
./OneDrive/Desktop/ROI Labs/CRM/crm-project/components
/deals/create-deal-dialog.tsx:26:1
Module not found: Can't resolve 
'@/app/dashboard/actions'
[0m [90m 24 |[39m     
[33mSelectValue[39m[33m,[39m
 [90m 25 |[39m } [36mfrom[39m 
[32m'@/components/ui/select'[39m
[31m[1m>[22m[39m[90m 26 |[39m [36mimport[39m 
{ createDeal } [36mfrom[39m 
[32m'@/app/dashboard/actions'[39m
 [90m    |[39m [31m[1m^[22m[39m[31m[1m^[22m[
39m[31m[1m^[22m[39m[31m[1m^[22m[39m[31m[1m^
[22m[39m[31m[1m^[22m[39m[31m[1m^[22m[39m[31m
[1m^[22m[39m[31m[1m^[22m[39m[31m[1m^[22m[39
m[31m[1m^[22m[39m[31m[1m^[22m[39m[31m[1m^[2
2m[39m[31m[1m^[22m[39m[31m[1m^[22m[39m[31m[
1m^[22m[39m[31m[1m^[22m[39m[31m[1m^[22m[39m
[31m[1m^[22m[39m[31m[1m^[22m[39m[31m[1m^[22m
[39m[31m[1m^[22m[39m[31m[1m^[22m[39m[31m[1m
^[22m[39m[31m[1m^[22m[39m[31m[1m^[22m[39m[3
1m[1m^[22m[39m[31m[1m^[22m[39m[31m[1m^[22m[
39m[31m[1m^[22m[39m[31m[1m^[22m[39m[31m[1m^
[22m[39m[31m[1m^[22m[39m[31m[1m^[22m[39m[31m
[1m^[22m[39m[31m[1m^[22m[39m[31m[1m^[22m[39
m[31m[1m^[22m[39m[31m[1m^[22m[39m[31m[1m^[2
2m[39m[31m[1m^[22m[39m[31m[1m^[22m[39m[31m[
1m^[22m[39m[31m[1m^[22m[39m[31m[1m^[22m[39m
[31m[1m^[22m[39m[31m[1m^[22m[39m[31m[1m^[22m
[39m[31m[1m^[22m[39m[31m[1m^[22m[39m[31m[1m
^[22m[39m[31m[1m^[22m[39m
 [90m 27 |[39m
 [90m 28 |[39m type [33mStage[39m [33m=[39m {
 [90m 29 |[39m     id[33m:[39m string[0m

Import map: aliased to relative 
'./app/dashboard/actions' inside of 
[project]/OneDrive/Desktop/ROI Labs/CRM/crm-project


Import traces:
  Client Component Browser:
    ./OneDrive/Desktop/ROI Labs/CRM/crm-project/compon
ents/deals/create-deal-dialog.tsx [Client Component 
Browser]
    ./OneDrive/Desktop/ROI Labs/CRM/crm-project/compon
ents/dashboard/dashboard-tabs.tsx [Client Component 
Browser]
    ./OneDrive/Desktop/ROI Labs/CRM/crm-project/compon
ents/dashboard/dashboard-tabs.tsx [Server Component]
    ./OneDrive/Desktop/ROI Labs/CRM/crm-project/compon
ents/dashboard/dashboard-tabs-wrapper.tsx [Server 
Component]
    ./OneDrive/Desktop/ROI 
Labs/CRM/crm-project/app/[locale]/dashboard/page.tsx 
[Server Component]

  Client Component SSR:
    ./OneDrive/Desktop/ROI Labs/CRM/crm-project/compon
ents/deals/create-deal-dialog.tsx [Client Component 
SSR]
    ./OneDrive/Desktop/ROI Labs/CRM/crm-project/compon
ents/dashboard/dashboard-tabs.tsx [Client Component 
SSR]
    ./OneDrive/Desktop/ROI Labs/CRM/crm-project/compon
ents/dashboard/dashboard-tabs.tsx [Server Component]
    ./OneDrive/Desktop/ROI Labs/CRM/crm-project/compon
ents/dashboard/dashboard-tabs-wrapper.tsx [Server 
Component]
    ./OneDrive/Desktop/ROI 
Labs/CRM/crm-project/app/[locale]/dashboard/page.tsx 
[Server Component]

https://nextjs.org/docs/messages/module-not-found


./OneDrive/Desktop/ROI Labs/CRM/crm-project/components
/deals/edit-deal-dialog.tsx:29:1
Module not found: Can't resolve 
'@/app/dashboard/actions'
[0m [90m 27 |[39m     
[33mPopoverTrigger[39m[33m,[39m
 [90m 28 |[39m } [36mfrom[39m 
[32m'@/components/ui/popover'[39m
[31m[1m>[22m[39m[90m 29 |[39m [36mimport[39m 
{ updateDeal[33m,[39m deleteDeal } [36mfrom[39m 
[32m'@/app/dashboard/actions'[39m
 [90m    |[39m [31m[1m^[22m[39m[31m[1m^[22m[
39m[31m[1m^[22m[39m[31m[1m^[22m[39m[31m[1m^
[22m[39m[31m[1m^[22m[39m[31m[1m^[22m[39m[31m
[1m^[22m[39m[31m[1m^[22m[39m[31m[1m^[22m[39
m[31m[1m^[22m[39m[31m[1m^[22m[39m[31m[1m^[2
2m[39m[31m[1m^[22m[39m[31m[1m^[22m[39m[31m[
1m^[22m[39m[31m[1m^[22m[39m[31m[1m^[22m[39m
[31m[1m^[22m[39m[31m[1m^[22m[39m[31m[1m^[22m
[39m[31m[1m^[22m[39m[31m[1m^[22m[39m[31m[1m
^[22m[39m[31m[1m^[22m[39m[31m[1m^[22m[39m[3
1m[1m^[22m[39m[31m[1m^[22m[39m[31m[1m^[22m[
39m[31m[1m^[22m[39m[31m[1m^[22m[39m[31m[1m^
[22m[39m[31m[1m^[22m[39m[31m[1m^[22m[39m[31m
[1m^[22m[39m[31m[1m^[22m[39m[31m[1m^[22m[39
m[31m[1m^[22m[39m[31m[1m^[22m[39m[31m[1m^[2
2m[39m[31m[1m^[22m[39m[31m[1m^[22m[39m[31m[
1m^[22m[39m[31m[1m^[22m[39m[31m[1m^[22m[39m
[31m[1m^[22m[39m[31m[1m^[22m[39m[31m[1m^[22m
[39m[31m[1m^[22m[39m[31m[1m^[22m[39m[31m[1m
^[22m[39m[31m[1m^[22m[39m[31m[1m^[22m[39m[3
1m[1m^[22m[39m[31m[1m^[22m[39m[31m[1m^[22m[
39m[31m[1m^[22m[39m[31m[1m^[22m[39m[31m[1m^
[22m[39m[31m[1m^[22m[39m[31m[1m^[22m[39m[31m
[1m^[22m[39m[31m[1m^[22m[39m[31m[1m^[22m[39
m
 [90m 30 |[39m [36mimport[39m { 
getDealDetails[33m,[39m addNote[33m,[39m 
deleteNote[33m,[39m addDealClosing[33m,[39m 
deleteDealClosing[33m,[39m getDealClosings } 
[36mfrom[39m 
[32m'@/app/dashboard/deals/actions'[39m
 [90m 31 |[39m [36mimport[39m { createContact } 
[36mfrom[39m 
[32m'@/app/dashboard/contacts/actions'[39m
 [90m 32 |[39m [36mimport[39m { 
[33mLoader2[39m[33m,[39m 
[33mMessageSquare[39m[33m,[39m 
[33mHistory[39m[33m,[39m [33mTag[39m[33m,[39m 
[33mCalendar[39m[33m,[39m 
[33mSend[39m[33m,[39m [33mTrash2[39m[33m,[39m 
[33mPlus[39m[33m,[39m 
[33mMessageCircle[39m[33m,[39m 
[33mDollarSign[39m } [36mfrom[39m 
[32m'lucide-react'[39m[0m

Import map: aliased to relative 
'./app/dashboard/actions' inside of 
[project]/OneDrive/Desktop/ROI Labs/CRM/crm-project


Import traces:
  Client Component Browser:
    ./OneDrive/Desktop/ROI Labs/CRM/crm-project/compon
ents/deals/edit-deal-dialog.tsx [Client Component 
Browser]
    ./OneDrive/Desktop/ROI Labs/CRM/crm-project/compon
ents/agenda/agenda-client.tsx [Client Component 
Browser]
    ./OneDrive/Desktop/ROI Labs/CRM/crm-project/compon
ents/agenda/agenda-client.tsx [Server Component]
    ./OneDrive/Desktop/ROI Labs/CRM/crm-project/app/[l
ocale]/dashboard/agenda/page.tsx [Server Component]

  Client Component SSR:
    ./OneDrive/Desktop/ROI Labs/CRM/crm-project/compon
ents/deals/edit-deal-dialog.tsx [Client Component SSR]
    ./OneDrive/Desktop/ROI Labs/CRM/crm-project/compon
ents/agenda/agenda-client.tsx [Client Component SSR]
    ./OneDrive/Desktop/ROI Labs/CRM/crm-project/compon
ents/agenda/agenda-client.tsx [Server Component]
    ./OneDrive/Desktop/ROI Labs/CRM/crm-project/app/[l
ocale]/dashboard/agenda/page.tsx [Server Component]

https://nextjs.org/docs/messages/module-not-found


./OneDrive/Desktop/ROI 
Labs/CRM/crm-project/components/kanban-board.tsx:16:1
Module not found: Can't resolve 
'@/app/dashboard/actions'
[0m [90m 14 |[39m } [36mfrom[39m 
[32m'@hello-pangea/dnd'[39m
 [90m 15 |[39m [36mimport[39m { 
[33mCard[39m[33m,[39m [33mCardContent[39m } 
[36mfrom[39m [32m'@/components/ui/card'[39m
[31m[1m>[22m[39m[90m 16 |[39m [36mimport[39m 
{ updateDealStage[33m,[39m updateDealStatus } 
[36mfrom[39m [32m'@/app/dashboard/actions'[39m
 [90m    |[39m [31m[1m^[22m[39m[31m[1m^[22m[
39m[31m[1m^[22m[39m[31m[1m^[22m[39m[31m[1m^
[22m[39m[31m[1m^[22m[39m[31m[1m^[22m[39m[31m
[1m^[22m[39m[31m[1m^[22m[39m[31m[1m^[22m[39
m[31m[1m^[22m[39m[31m[1m^[22m[39m[31m[1m^[2
2m[39m[31m[1m^[22m[39m[31m[1m^[22m[39m[31m[
1m^[22m[39m[31m[1m^[22m[39m[31m[1m^[22m[39m
[31m[1m^[22m[39m[31m[1m^[22m[39m[31m[1m^[22m
[39m[31m[1m^[22m[39m[31m[1m^[22m[39m[31m[1m
^[22m[39m[31m[1m^[22m[39m[31m[1m^[22m[39m[3
1m[1m^[22m[39m[31m[1m^[22m[39m[31m[1m^[22m[
39m[31m[1m^[22m[39m[31m[1m^[22m[39m[31m[1m^
[22m[39m[31m[1m^[22m[39m[31m[1m^[22m[39m[31m
[1m^[22m[39m[31m[1m^[22m[39m[31m[1m^[22m[39
m[31m[1m^[22m[39m[31m[1m^[22m[39m[31m[1m^[2
2m[39m[31m[1m^[22m[39m[31m[1m^[22m[39m[31m[
1m^[22m[39m[31m[1m^[22m[39m[31m[1m^[22m[39m
[31m[1m^[22m[39m[31m[1m^[22m[39m[31m[1m^[22m
[39m[31m[1m^[22m[39m[31m[1m^[22m[39m[31m[1m
^[22m[39m[31m[1m^[22m[39m[31m[1m^[22m[39m[3
1m[1m^[22m[39m[31m[1m^[22m[39m[31m[1m^[22m[
39m[31m[1m^[22m[39m[31m[1m^[22m[39m[31m[1m^
[22m[39m[31m[1m^[22m[39m[31m[1m^[22m[39m[31m
[1m^[22m[39m[31m[1m^[22m[39m[31m[1m^[22m[39
m[31m[1m^[22m[39m[31m[1m^[22m[39m[31m[1m^[2
2m[39m[31m[1m^[22m[39m[31m[1m^[22m[39m[31m[
1m^[22m[39m[31m[1m^[22m[39m[31m[1m^[22m[39m
[31m[1m^[22m[39m[31m[1m^[22m[39m[31m[1m^[22m
[39m
 [90m 17 |[39m [36mimport[39m { 
updateStageOrder[33m,[39m deleteStage[33m,[39m 
updateStage[33m,[39m createStage } [36mfrom[39m 
[32m'@/app/dashboard/pipeline/actions'[39m
 [90m 18 |[39m [36mimport[39m { reorderDeals } 
[36mfrom[39m 
[32m'@/app/dashboard/deals/actions'[39m
 [90m 19 |[39m [36mimport[39m { 
[33mEditDealDialog[39m } [36mfrom[39m 
[32m'@/components/deals/edit-deal-dialog'[39m[0m

Import map: aliased to relative 
'./app/dashboard/actions' inside of 
[project]/OneDrive/Desktop/ROI Labs/CRM/crm-project


Import trace:
  Client Component Browser:
    ./OneDrive/Desktop/ROI 
Labs/CRM/crm-project/components/kanban-board.tsx 
[Client Component Browser]
    ./OneDrive/Desktop/ROI Labs/CRM/crm-project/compon
ents/dashboard/dashboard-tabs.tsx [Client Component 
Browser]
    ./OneDrive/Desktop/ROI Labs/CRM/crm-project/compon
ents/dashboard/dashboard-tabs.tsx [Server Component]
    ./OneDrive/Desktop/ROI Labs/CRM/crm-project/compon
ents/dashboard/dashboard-tabs-wrapper.tsx [Server 
Component]
    ./OneDrive/Desktop/ROI 
Labs/CRM/crm-project/app/[locale]/dashboard/page.tsx 
[Server Component]

https://nextjs.org/docs/messages/module-not-found


./OneDrive/Desktop/ROI Labs/CRM/crm-project/app/[local
e]/dashboard/analytics/page.tsx:16:1
Module not found: Can't resolve 
'@/app/dashboard/analytics-pro/client'
[0m [90m 14 |[39m [36mimport[39m { 
[33mContactSearch[39m } [36mfrom[39m 
[32m'./contact-search'[39m[33m;[39m
 [90m 15 |[39m [36mimport[39m { 
[33mAnalyticsTabNav[39m } [36mfrom[39m 
[32m'./tab-nav'[39m[33m;[39m
[31m[1m>[22m[39m[90m 16 |[39m [36mimport[39m 
{ [33mAnalyticsProClient[39m } [36mfrom[39m [32m'
@/app/dashboard/analytics-pro/client'[39m[33m;[39m
 [90m    |[39m [31m[1m^[22m[39m[31m[1m^[22m[
39m[31m[1m^[22m[39m[31m[1m^[22m[39m[31m[1m^
[22m[39m[31m[1m^[22m[39m[31m[1m^[22m[39m[31m
[1m^[22m[39m[31m[1m^[22m[39m[31m[1m^[22m[39
m[31m[1m^[22m[39m[31m[1m^[22m[39m[31m[1m^[2
2m[39m[31m[1m^[22m[39m[31m[1m^[22m[39m[31m[
1m^[22m[39m[31m[1m^[22m[39m[31m[1m^[22m[39m
[31m[1m^[22m[39m[31m[1m^[22m[39m[31m[1m^[22m
[39m[31m[1m^[22m[39m[31m[1m^[22m[39m[31m[1m
^[22m[39m[31m[1m^[22m[39m[31m[1m^[22m[39m[3
1m[1m^[22m[39m[31m[1m^[22m[39m[31m[1m^[22m[
39m[31m[1m^[22m[39m[31m[1m^[22m[39m[31m[1m^
[22m[39m[31m[1m^[22m[39m[31m[1m^[22m[39m[31m
[1m^[22m[39m[31m[1m^[22m[39m[31m[1m^[22m[39
m[31m[1m^[22m[39m[31m[1m^[22m[39m[31m[1m^[2
2m[39m[31m[1m^[22m[39m[31m[1m^[22m[39m[31m[
1m^[22m[39m[31m[1m^[22m[39m[31m[1m^[22m[39m
[31m[1m^[22m[39m[31m[1m^[22m[39m[31m[1m^[22m
[39m[31m[1m^[22m[39m[31m[1m^[22m[39m[31m[1m
^[22m[39m[31m[1m^[22m[39m[31m[1m^[22m[39m[3
1m[1m^[22m[39m[31m[1m^[22m[39m[31m[1m^[22m[
39m[31m[1m^[22m[39m[31m[1m^[22m[39m[31m[1m^
[22m[39m[31m[1m^[22m[39m[31m[1m^[22m[39m[31m
[1m^[22m[39m[31m[1m^[22m[39m[31m[1m^[22m[39
m[31m[1m^[22m[39m[31m[1m^[22m[39m[31m[1m^[2
2m[39m[31m[1m^[22m[39m[31m[1m^[22m[39m[31m[
1m^[22m[39m[31m[1m^[22m[39m[31m[1m^[22m[39m
[31m[1m^[22m[39m[31m[1m^[22m[39m
 [90m 17 |[39m
 [90m 18 |[39m [36mexport[39m [36mconst[39m 
metadata [33m=[39m { title[33m:[39m 
[32m"Analytics | Sirius CRM"[39m }
 [90m 19 |[39m[0m

Import map: aliased to relative 
'./app/dashboard/analytics-pro/client' inside of 
[project]/OneDrive/Desktop/ROI Labs/CRM/crm-project


https://nextjs.org/docs/messages/module-not-found


./OneDrive/Desktop/ROI Labs/CRM/crm-project/components
/contacts/columns.tsx:9:1
Module not found: Can't resolve 
'@/app/dashboard/contacts/actions'
[0m [90m  7 |[39m [36mimport[39m { 
[33mCheckbox[39m } [36mfrom[39m 
[32m"@/components/ui/checkbox"[39m
 [90m  8 |[39m [36mimport[39m { 
[33mMessageCircle[39m[33m,[39m 
[33mTrash2[39m[33m,[39m [33mLoader2[39m } 
[36mfrom[39m [32m"lucide-react"[39m
[31m[1m>[22m[39m[90m  9 |[39m [36mimport[39m 
{ deleteContact } [36mfrom[39m 
[32m'@/app/dashboard/contacts/actions'[39m
 [90m    |[39m [31m[1m^[22m[39m[31m[1m^[22m[
39m[31m[1m^[22m[39m[31m[1m^[22m[39m[31m[1m^
[22m[39m[31m[1m^[22m[39m[31m[1m^[22m[39m[31m
[1m^[22m[39m[31m[1m^[22m[39m[31m[1m^[22m[39
m[31m[1m^[22m[39m[31m[1m^[22m[39m[31m[1m^[2
2m[39m[31m[1m^[22m[39m[31m[1m^[22m[39m[31m[
1m^[22m[39m[31m[1m^[22m[39m[31m[1m^[22m[39m
[31m[1m^[22m[39m[31m[1m^[22m[39m[31m[1m^[22m
[39m[31m[1m^[22m[39m[31m[1m^[22m[39m[31m[1m
^[22m[39m[31m[1m^[22m[39m[31m[1m^[22m[39m[3
1m[1m^[22m[39m[31m[1m^[22m[39m[31m[1m^[22m[
39m[31m[1m^[22m[39m[31m[1m^[22m[39m[31m[1m^
[22m[39m[31m[1m^[22m[39m[31m[1m^[22m[39m[31m
[1m^[22m[39m[31m[1m^[22m[39m[31m[1m^[22m[39
m[31m[1m^[22m[39m[31m[1m^[22m[39m[31m[1m^[2
2m[39m[31m[1m^[22m[39m[31m[1m^[22m[39m[31m[
1m^[22m[39m[31m[1m^[22m[39m[31m[1m^[22m[39m
[31m[1m^[22m[39m[31m[1m^[22m[39m[31m[1m^[22m
[39m[31m[1m^[22m[39m[31m[1m^[22m[39m[31m[1m
^[22m[39m[31m[1m^[22m[39m[31m[1m^[22m[39m[3
1m[1m^[22m[39m[31m[1m^[22m[39m[31m[1m^[22m[
39m[31m[1m^[22m[39m[31m[1m^[22m[39m[31m[1m^
[22m[39m[31m[1m^[22m[39m[31m[1m^[22m[39m[31m
[1m^[22m[39m[31m[1m^[22m[39m[31m[1m^[22m[39
m
 [90m 10 |[39m [36mimport[39m { 
[33mEditContactDialog[39m } [36mfrom[39m 
[32m'@/components/contacts/edit-contact-dialog'[39m
 [90m 11 |[39m [36mimport[39m { toast } 
[36mfrom[39m [32m'sonner'[39m
 [90m 12 |[39m [36mimport[39m {[0m

Import map: aliased to relative 
'./app/dashboard/contacts/actions' inside of 
[project]/OneDrive/Desktop/ROI Labs/CRM/crm-project


Import trace:
  Server Component:
    ./OneDrive/Desktop/ROI 
Labs/CRM/crm-project/components/contacts/columns.tsx
    ./OneDrive/Desktop/ROI Labs/CRM/crm-project/app/[l
ocale]/dashboard/contacts/page.tsx

https://nextjs.org/docs/messages/module-not-found


./OneDrive/Desktop/ROI Labs/CRM/crm-project/components
/contacts/create-contact-dialog.tsx:17:1
Module not found: Can't resolve 
'@/app/dashboard/contacts/actions'
[0m [90m 15 |[39m [36mimport[39m { 
[33mInput[39m } [36mfrom[39m 
[32m'@/components/ui/input'[39m
 [90m 16 |[39m [36mimport[39m { [33mLabel[39m } 
[36mfrom[39m [32m'@/components/ui/label'[39m
[31m[1m>[22m[39m[90m 17 |[39m [36mimport[39m 
{ createContact } [36mfrom[39m 
[32m'@/app/dashboard/contacts/actions'[39m
 [90m    |[39m [31m[1m^[22m[39m[31m[1m^[22m[
39m[31m[1m^[22m[39m[31m[1m^[22m[39m[31m[1m^
[22m[39m[31m[1m^[22m[39m[31m[1m^[22m[39m[31m
[1m^[22m[39m[31m[1m^[22m[39m[31m[1m^[22m[39
m[31m[1m^[22m[39m[31m[1m^[22m[39m[31m[1m^[2
2m[39m[31m[1m^[22m[39m[31m[1m^[22m[39m[31m[
1m^[22m[39m[31m[1m^[22m[39m[31m[1m^[22m[39m
[31m[1m^[22m[39m[31m[1m^[22m[39m[31m[1m^[22m
[39m[31m[1m^[22m[39m[31m[1m^[22m[39m[31m[1m
^[22m[39m[31m[1m^[22m[39m[31m[1m^[22m[39m[3
1m[1m^[22m[39m[31m[1m^[22m[39m[31m[1m^[22m[
39m[31m[1m^[22m[39m[31m[1m^[22m[39m[31m[1m^
[22m[39m[31m[1m^[22m[39m[31m[1m^[22m[39m[31m
[1m^[22m[39m[31m[1m^[22m[39m[31m[1m^[22m[39
m[31m[1m^[22m[39m[31m[1m^[22m[39m[31m[1m^[2
2m[39m[31m[1m^[22m[39m[31m[1m^[22m[39m[31m[
1m^[22m[39m[31m[1m^[22m[39m[31m[1m^[22m[39m
[31m[1m^[22m[39m[31m[1m^[22m[39m[31m[1m^[22m
[39m[31m[1m^[22m[39m[31m[1m^[22m[39m[31m[1m
^[22m[39m[31m[1m^[22m[39m[31m[1m^[22m[39m[3
1m[1m^[22m[39m[31m[1m^[22m[39m[31m[1m^[22m[
39m[31m[1m^[22m[39m[31m[1m^[22m[39m[31m[1m^
[22m[39m[31m[1m^[22m[39m[31m[1m^[22m[39m[31m
[1m^[22m[39m[31m[1m^[22m[39m[31m[1m^[22m[39
m
 [90m 18 |[39m [36mimport[39m { analytics } 
[36mfrom[39m [32m'@/lib/posthog'[39m
 [90m 19 |[39m
 [90m 20 |[39m [36mexport[39m [36mfunction[39m 
[33mCreateContactDialog[39m() {[0m

Import map: aliased to relative 
'./app/dashboard/contacts/actions' inside of 
[project]/OneDrive/Desktop/ROI Labs/CRM/crm-project


Import trace:
  Server Component:
    ./OneDrive/Desktop/ROI Labs/CRM/crm-project/compon
ents/contacts/create-contact-dialog.tsx
    ./OneDrive/Desktop/ROI Labs/CRM/crm-project/app/[l
ocale]/dashboard/contacts/page.tsx

https://nextjs.org/docs/messages/module-not-found


./OneDrive/Desktop/ROI Labs/CRM/crm-project/components
/contacts/data-table.tsx:15:1
Module not found: Can't resolve 
'@/app/dashboard/contacts/actions'
[0m [90m 13 |[39m [36mimport[39m { 
[33mInput[39m } [36mfrom[39m 
[32m'@/components/ui/input'[39m
 [90m 14 |[39m [36mimport[39m { [33mButton[39m 
} [36mfrom[39m [32m'@/components/ui/button'[39m
[31m[1m>[22m[39m[90m 15 |[39m [36mimport[39m 
{ bulkDeleteContacts } [36mfrom[39m 
[32m'@/app/dashboard/contacts/actions'[39m
 [90m    |[39m [31m[1m^[22m[39m[31m[1m^[22m[
39m[31m[1m^[22m[39m[31m[1m^[22m[39m[31m[1m^
[22m[39m[31m[1m^[22m[39m[31m[1m^[22m[39m[31m
[1m^[22m[39m[31m[1m^[22m[39m[31m[1m^[22m[39
m[31m[1m^[22m[39m[31m[1m^[22m[39m[31m[1m^[2
2m[39m[31m[1m^[22m[39m[31m[1m^[22m[39m[31m[
1m^[22m[39m[31m[1m^[22m[39m[31m[1m^[22m[39m
[31m[1m^[22m[39m[31m[1m^[22m[39m[31m[1m^[22m
[39m[31m[1m^[22m[39m[31m[1m^[22m[39m[31m[1m
^[22m[39m[31m[1m^[22m[39m[31m[1m^[22m[39m[3
1m[1m^[22m[39m[31m[1m^[22m[39m[31m[1m^[22m[
39m[31m[1m^[22m[39m[31m[1m^[22m[39m[31m[1m^
[22m[39m[31m[1m^[22m[39m[31m[1m^[22m[39m[31m
[1m^[22m[39m[31m[1m^[22m[39m[31m[1m^[22m[39
m[31m[1m^[22m[39m[31m[1m^[22m[39m[31m[1m^[2
2m[39m[31m[1m^[22m[39m[31m[1m^[22m[39m[31m[
1m^[22m[39m[31m[1m^[22m[39m[31m[1m^[22m[39m
[31m[1m^[22m[39m[31m[1m^[22m[39m[31m[1m^[22m
[39m[31m[1m^[22m[39m[31m[1m^[22m[39m[31m[1m
^[22m[39m[31m[1m^[22m[39m[31m[1m^[22m[39m[3
1m[1m^[22m[39m[31m[1m^[22m[39m[31m[1m^[22m[
39m[31m[1m^[22m[39m[31m[1m^[22m[39m[31m[1m^
[22m[39m[31m[1m^[22m[39m[31m[1m^[22m[39m[31m
[1m^[22m[39m[31m[1m^[22m[39m[31m[1m^[22m[39
m[31m[1m^[22m[39m[31m[1m^[22m[39m[31m[1m^[2
2m[39m[31m[1m^[22m[39m[31m[1m^[22m[39m
 [90m 16 |[39m [36mimport[39m { toast } 
[36mfrom[39m [32m'sonner'[39m
 [90m 17 |[39m [36mimport[39m { useRouter } 
[36mfrom[39m [32m'next/navigation'[39m
 [90m 18 |[39m [36mimport[39m {[0m

Import map: aliased to relative 
'./app/dashboard/contacts/actions' inside of 
[project]/OneDrive/Desktop/ROI Labs/CRM/crm-project


Import trace:
  Server Component:
    ./OneDrive/Desktop/ROI Labs/CRM/crm-project/compon
ents/contacts/data-table.tsx
    ./OneDrive/Desktop/ROI Labs/CRM/crm-project/app/[l
ocale]/dashboard/contacts/page.tsx

https://nextjs.org/docs/messages/module-not-found


./OneDrive/Desktop/ROI Labs/CRM/crm-project/components
/contacts/edit-contact-dialog.tsx:17:1
Module not found: Can't resolve 
'@/app/dashboard/contacts/actions'
[0m [90m 15 |[39m [36mimport[39m { 
[33mInput[39m } [36mfrom[39m 
[32m'@/components/ui/input'[39m
 [90m 16 |[39m [36mimport[39m { [33mLabel[39m } 
[36mfrom[39m [32m'@/components/ui/label'[39m
[31m[1m>[22m[39m[90m 17 |[39m [36mimport[39m 
{ updateContact } [36mfrom[39m 
[32m'@/app/dashboard/contacts/actions'[39m
 [90m    |[39m [31m[1m^[22m[39m[31m[1m^[22m[
39m[31m[1m^[22m[39m[31m[1m^[22m[39m[31m[1m^
[22m[39m[31m[1m^[22m[39m[31m[1m^[22m[39m[31m
[1m^[22m[39m[31m[1m^[22m[39m[31m[1m^[22m[39
m[31m[1m^[22m[39m[31m[1m^[22m[39m[31m[1m^[2
2m[39m[31m[1m^[22m[39m[31m[1m^[22m[39m[31m[
1m^[22m[39m[31m[1m^[22m[39m[31m[1m^[22m[39m
[31m[1m^[22m[39m[31m[1m^[22m[39m[31m[1m^[22m
[39m[31m[1m^[22m[39m[31m[1m^[22m[39m[31m[1m
^[22m[39m[31m[1m^[22m[39m[31m[1m^[22m[39m[3
1m[1m^[22m[39m[31m[1m^[22m[39m[31m[1m^[22m[
39m[31m[1m^[22m[39m[31m[1m^[22m[39m[31m[1m^
[22m[39m[31m[1m^[22m[39m[31m[1m^[22m[39m[31m
[1m^[22m[39m[31m[1m^[22m[39m[31m[1m^[22m[39
m[31m[1m^[22m[39m[31m[1m^[22m[39m[31m[1m^[2
2m[39m[31m[1m^[22m[39m[31m[1m^[22m[39m[31m[
1m^[22m[39m[31m[1m^[22m[39m[31m[1m^[22m[39m
[31m[1m^[22m[39m[31m[1m^[22m[39m[31m[1m^[22m
[39m[31m[1m^[22m[39m[31m[1m^[22m[39m[31m[1m
^[22m[39m[31m[1m^[22m[39m[31m[1m^[22m[39m[3
1m[1m^[22m[39m[31m[1m^[22m[39m[31m[1m^[22m[
39m[31m[1m^[22m[39m[31m[1m^[22m[39m[31m[1m^
[22m[39m[31m[1m^[22m[39m[31m[1m^[22m[39m[31m
[1m^[22m[39m[31m[1m^[22m[39m[31m[1m^[22m[39
m
 [90m 18 |[39m [36mimport[39m { toast } 
[36mfrom[39m [32m'sonner'[39m
 [90m 19 |[39m [36mimport[39m { useRouter } 
[36mfrom[39m [32m'next/navigation'[39m
 [90m 20 |[39m [36mimport[39m { [33mContact[39m 
} [36mfrom[39m [32m'@prisma/client'[39m[0m

Import map: aliased to relative 
'./app/dashboard/contacts/actions' inside of 
[project]/OneDrive/Desktop/ROI Labs/CRM/crm-project


Import traces:
  Client Component Browser:
    ./OneDrive/Desktop/ROI Labs/CRM/crm-project/compon
ents/contacts/edit-contact-dialog.tsx [Client 
Component Browser]
    ./OneDrive/Desktop/ROI 
Labs/CRM/crm-project/components/contacts/columns.tsx 
[Client Component Browser]
    ./OneDrive/Desktop/ROI 
Labs/CRM/crm-project/components/contacts/columns.tsx 
[Server Component]
    ./OneDrive/Desktop/ROI Labs/CRM/crm-project/app/[l
ocale]/dashboard/contacts/page.tsx [Server Component]

  Client Component SSR:
    ./OneDrive/Desktop/ROI Labs/CRM/crm-project/compon
ents/contacts/edit-contact-dialog.tsx [Client 
Component SSR]
    ./OneDrive/Desktop/ROI 
Labs/CRM/crm-project/components/contacts/columns.tsx 
[Client Component SSR]
    ./OneDrive/Desktop/ROI 
Labs/CRM/crm-project/components/contacts/columns.tsx 
[Server Component]
    ./OneDrive/Desktop/ROI Labs/CRM/crm-project/app/[l
ocale]/dashboard/contacts/page.tsx [Server Component]

https://nextjs.org/docs/messages/module-not-found


./OneDrive/Desktop/ROI Labs/CRM/crm-project/components
/deals/edit-deal-dialog.tsx:31:1
Module not found: Can't resolve 
'@/app/dashboard/contacts/actions'
[0m [90m 29 |[39m [36mimport[39m { 
updateDeal[33m,[39m deleteDeal } [36mfrom[39m 
[32m'@/app/dashboard/actions'[39m
 [90m 30 |[39m [36mimport[39m { 
getDealDetails[33m,[39m addNote[33m,[39m 
deleteNote[33m,[39m addDealClosing[33m,[39m 
deleteDealClosing[33m,[39m getDealClosings } 
[36mfrom[39m 
[32m'@/app/dashboard/deals/actions'[39m
[31m[1m>[22m[39m[90m 31 |[39m [36mimport[39m 
{ createContact } [36mfrom[39m 
[32m'@/app/dashboard/contacts/actions'[39m
 [90m    |[39m [31m[1m^[22m[39m[31m[1m^[22m[
39m[31m[1m^[22m[39m[31m[1m^[22m[39m[31m[1m^
[22m[39m[31m[1m^[22m[39m[31m[1m^[22m[39m[31m
[1m^[22m[39m[31m[1m^[22m[39m[31m[1m^[22m[39
m[31m[1m^[22m[39m[31m[1m^[22m[39m[31m[1m^[2
2m[39m[31m[1m^[22m[39m[31m[1m^[22m[39m[31m[
1m^[22m[39m[31m[1m^[22m[39m[31m[1m^[22m[39m
[31m[1m^[22m[39m[31m[1m^[22m[39m[31m[1m^[22m
[39m[31m[1m^[22m[39m[31m[1m^[22m[39m[31m[1m
^[22m[39m[31m[1m^[22m[39m[31m[1m^[22m[39m[3
1m[1m^[22m[39m[31m[1m^[22m[39m[31m[1m^[22m[
39m[31m[1m^[22m[39m[31m[1m^[22m[39m[31m[1m^
[22m[39m[31m[1m^[22m[39m[31m[1m^[22m[39m[31m
[1m^[22m[39m[31m[1m^[22m[39m[31m[1m^[22m[39
m[31m[1m^[22m[39m[31m[1m^[22m[39m[31m[1m^[2
2m[39m[31m[1m^[22m[39m[31m[1m^[22m[39m[31m[
1m^[22m[39m[31m[1m^[22m[39m[31m[1m^[22m[39m
[31m[1m^[22m[39m[31m[1m^[22m[39m[31m[1m^[22m
[39m[31m[1m^[22m[39m[31m[1m^[22m[39m[31m[1m
^[22m[39m[31m[1m^[22m[39m[31m[1m^[22m[39m[3
1m[1m^[22m[39m[31m[1m^[22m[39m[31m[1m^[22m[
39m[31m[1m^[22m[39m[31m[1m^[22m[39m[31m[1m^
[22m[39m[31m[1m^[22m[39m[31m[1m^[22m[39m[31m
[1m^[22m[39m[31m[1m^[22m[39m[31m[1m^[22m[39
m
 [90m 32 |[39m [36mimport[39m { 
[33mLoader2[39m[33m,[39m 
[33mMessageSquare[39m[33m,[39m 
[33mHistory[39m[33m,[39m [33mTag[39m[33m,[39m 
[33mCalendar[39m[33m,[39m 
[33mSend[39m[33m,[39m [33mTrash2[39m[33m,[39m 
[33mPlus[39m[33m,[39m 
[33mMessageCircle[39m[33m,[39m 
[33mDollarSign[39m } [36mfrom[39m 
[32m'lucide-react'[39m
 [90m 33 |[39m [36mimport[39m { 
[33mTextarea[39m } [36mfrom[39m 
[32m'@/components/ui/textarea'[39m
 [90m 34 |[39m [36mimport[39m { 
[33mConfirmDialog[39m } [36mfrom[39m 
[32m'@/components/ui/confirm-dialog'[39m[0m

Import map: aliased to relative 
'./app/dashboard/contacts/actions' inside of 
[project]/OneDrive/Desktop/ROI Labs/CRM/crm-project


Import traces:
  Client Component Browser:
    ./OneDrive/Desktop/ROI Labs/CRM/crm-project/compon
ents/deals/edit-deal-dialog.tsx [Client Component 
Browser]
    ./OneDrive/Desktop/ROI Labs/CRM/crm-project/compon
ents/agenda/agenda-client.tsx [Client Component 
Browser]
    ./OneDrive/Desktop/ROI Labs/CRM/crm-project/compon
ents/agenda/agenda-client.tsx [Server Component]
    ./OneDrive/Desktop/ROI Labs/CRM/crm-project/app/[l
ocale]/dashboard/agenda/page.tsx [Server Component]

  Client Component SSR:
    ./OneDrive/Desktop/ROI Labs/CRM/crm-project/compon
ents/deals/edit-deal-dialog.tsx [Client Component SSR]
    ./OneDrive/Desktop/ROI Labs/CRM/crm-project/compon
ents/agenda/agenda-client.tsx [Client Component SSR]
    ./OneDrive/Desktop/ROI Labs/CRM/crm-project/compon
ents/agenda/agenda-client.tsx [Server Component]
    ./OneDrive/Desktop/ROI Labs/CRM/crm-project/app/[l
ocale]/dashboard/agenda/page.tsx [Server Component]

https://nextjs.org/docs/messages/module-not-found


./OneDrive/Desktop/ROI Labs/CRM/crm-project/components
/deals/edit-deal-dialog.tsx:30:1
Module not found: Can't resolve 
'@/app/dashboard/deals/actions'
[0m [90m 28 |[39m } [36mfrom[39m 
[32m'@/components/ui/popover'[39m
 [90m 29 |[39m [36mimport[39m { 
updateDeal[33m,[39m deleteDeal } [36mfrom[39m 
[32m'@/app/dashboard/actions'[39m
[31m[1m>[22m[39m[90m 30 |[39m [36mimport[39m 
{ getDealDetails[33m,[39m addNote[33m,[39m 
deleteNote[33m,[39m addDealClosing[33m,[39m 
deleteDealClosing[33m,[39m getDealClosings } 
[36mfrom[39m 
[32m'@/app/dashboard/deals/actions'[39m
 [90m    |[39m [31m[1m^[22m[39m[31m[1m^[22m[
39m[31m[1m^[22m[39m[31m[1m^[22m[39m[31m[1m^
[22m[39m[31m[1m^[22m[39m[31m[1m^[22m[39m[31m
[1m^[22m[39m[31m[1m^[22m[39m[31m[1m^[22m[39
m[31m[1m^[22m[39m[31m[1m^[22m[39m[31m[1m^[2
2m[39m[31m[1m^[22m[39m[31m[1m^[22m[39m[31m[
1m^[22m[39m[31m[1m^[22m[39m[31m[1m^[22m[39m
[31m[1m^[22m[39m[31m[1m^[22m[39m[31m[1m^[22m
[39m[31m[1m^[22m[39m[31m[1m^[22m[39m[31m[1m
^[22m[39m[31m[1m^[22m[39m[31m[1m^[22m[39m[3
1m[1m^[22m[39m[31m[1m^[22m[39m[31m[1m^[22m[
39m[31m[1m^[22m[39m[31m[1m^[22m[39m[31m[1m^
[22m[39m[31m[1m^[22m[39m[31m[1m^[22m[39m[31m
[1m^[22m[39m[31m[1m^[22m[39m[31m[1m^[22m[39
m[31m[1m^[22m[39m[31m[1m^[22m[39m[31m[1m^[2
2m[39m[31m[1m^[22m[39m[31m[1m^[22m[39m[31m[
1m^[22m[39m[31m[1m^[22m[39m[31m[1m^[22m[39m
[31m[1m^[22m[39m[31m[1m^[22m[39m[31m[1m^[22m
[39m[31m[1m^[22m[39m[31m[1m^[22m[39m[31m[1m
^[22m[39m[31m[1m^[22m[39m[31m[1m^[22m[39m[3
1m[1m^[22m[39m[31m[1m^[22m[39m[31m[1m^[22m[
39m[31m[1m^[22m[39m[31m[1m^[22m[39m[31m[1m^
[22m[39m[31m[1m^[22m[39m[31m[1m^[22m[39m[31m
[1m^[22m[39m[31m[1m^[22m[39m[31m[1m^[22m[39
m[31m[1m^[22m[39m[31m[1m^[22m[39m[31m[1m^[2
2m[39m[31m[1m^[22m[39m[31m[1m^[22m[39m[31m[
1m^[22m[39m[31m[1m^[22m[39m[31m[1m^[22m[39m
[31m[1m^[22m[39m[31m[1m^[22m[39m[31m[1m^[22m
[39m[31m[1m^[22m[39m[31m[1m^[22m[39m[31m[1m
^[22m[39m[31m[1m^[22m[39m[31m[1m^[22m[39m[3
1m[1m^[22m[39m[31m[1m^[22m[39m[31m[1m^[22m[
39m[31m[1m^[22m[39m[31m[1m^[22m[39m[31m[1m^
[22m[39m[31m[1m^[22m[39m[31m[1m^[22m[39m[31m
[1m^[22m[39m[31m[1m^[22m[39m[31m[1m^[22m[39
m[31m[1m^[22m[39m[31m[1m^[22m[39m[31m[1m^[2
2m[39m[31m[1m^[22m[39m[31m[1m^[22m[39m[31m[
1m^[22m[39m[31m[1m^[22m[39m[31m[1m^[22m[39m
[31m[1m^[22m[39m[31m[1m^[22m[39m[31m[1m^[22m
[39m[31m[1m^[22m[39m[31m[1m^[22m[39m[31m[1m
^[22m[39m[31m[1m^[22m[39m[31m[1m^[22m[39m[3
1m[1m^[22m[39m[31m[1m^[22m[39m[31m[1m^[22m[
39m[31m[1m^[22m[39m[31m[1m^[22m[39m[31m[1m^
[22m[39m[31m[1m^[22m[39m[31m[1m^[22m[39m[31m
[1m^[22m[39m[31m[1m^[22m[39m[31m[1m^[22m[39
m[31m[1m^[22m[39m[31m[1m^[22m[39m[31m[1m^[2
2m[39m[31m[1m^[22m[39m[31m[1m^[22m[39m[31m[
1m^[22m[39m[31m[1m^[22m[39m[31m[1m^[22m[39m
[31m[1m^[22m[39m[31m[1m^[22m[39m[31m[1m^[22m
[39m[31m[1m^[22m[39m[31m[1m^[22m[39m[31m[1m
^[22m[39m[31m[1m^[22m[39m[31m[1m^[22m[39m[3
1m[1m^[22m[39m
 [90m 31 |[39m [36mimport[39m { createContact } 
[36mfrom[39m 
[32m'@/app/dashboard/contacts/actions'[39m
 [90m 32 |[39m [36mimport[39m { 
[33mLoader2[39m[33m,[39m 
[33mMessageSquare[39m[33m,[39m 
[33mHistory[39m[33m,[39m [33mTag[39m[33m,[39m 
[33mCalendar[39m[33m,[39m 
[33mSend[39m[33m,[39m [33mTrash2[39m[33m,[39m 
[33mPlus[39m[33m,[39m 
[33mMessageCircle[39m[33m,[39m 
[33mDollarSign[39m } [36mfrom[39m 
[32m'lucide-react'[39m
 [90m 33 |[39m [36mimport[39m { 
[33mTextarea[39m } [36mfrom[39m 
[32m'@/components/ui/textarea'[39m[0m

Import map: aliased to relative 
'./app/dashboard/deals/actions' inside of 
[project]/OneDrive/Desktop/ROI Labs/CRM/crm-project


Import traces:
  Client Component Browser:
    ./OneDrive/Desktop/ROI Labs/CRM/crm-project/compon
ents/deals/edit-deal-dialog.tsx [Client Component 
Browser]
    ./OneDrive/Desktop/ROI Labs/CRM/crm-project/compon
ents/agenda/agenda-client.tsx [Client Component 
Browser]
    ./OneDrive/Desktop/ROI Labs/CRM/crm-project/compon
ents/agenda/agenda-client.tsx [Server Component]
    ./OneDrive/Desktop/ROI Labs/CRM/crm-project/app/[l
ocale]/dashboard/agenda/page.tsx [Server Component]

  Client Component SSR:
    ./OneDrive/Desktop/ROI Labs/CRM/crm-project/compon
ents/deals/edit-deal-dialog.tsx [Client Component SSR]
    ./OneDrive/Desktop/ROI Labs/CRM/crm-project/compon
ents/agenda/agenda-client.tsx [Client Component SSR]
    ./OneDrive/Desktop/ROI Labs/CRM/crm-project/compon
ents/agenda/agenda-client.tsx [Server Component]
    ./OneDrive/Desktop/ROI Labs/CRM/crm-project/app/[l
ocale]/dashboard/agenda/page.tsx [Server Component]

https://nextjs.org/docs/messages/module-not-found


./OneDrive/Desktop/ROI 
Labs/CRM/crm-project/components/kanban-board.tsx:18:1
Module not found: Can't resolve 
'@/app/dashboard/deals/actions'
[0m [90m 16 |[39m [36mimport[39m { 
updateDealStage[33m,[39m updateDealStatus } 
[36mfrom[39m [32m'@/app/dashboard/actions'[39m
 [90m 17 |[39m [36mimport[39m { 
updateStageOrder[33m,[39m deleteStage[33m,[39m 
updateStage[33m,[39m createStage } [36mfrom[39m 
[32m'@/app/dashboard/pipeline/actions'[39m
[31m[1m>[22m[39m[90m 18 |[39m [36mimport[39m 
{ reorderDeals } [36mfrom[39m 
[32m'@/app/dashboard/deals/actions'[39m
 [90m    |[39m [31m[1m^[22m[39m[31m[1m^[22m[
39m[31m[1m^[22m[39m[31m[1m^[22m[39m[31m[1m^
[22m[39m[31m[1m^[22m[39m[31m[1m^[22m[39m[31m
[1m^[22m[39m[31m[1m^[22m[39m[31m[1m^[22m[39
m[31m[1m^[22m[39m[31m[1m^[22m[39m[31m[1m^[2
2m[39m[31m[1m^[22m[39m[31m[1m^[22m[39m[31m[
1m^[22m[39m[31m[1m^[22m[39m[31m[1m^[22m[39m
[31m[1m^[22m[39m[31m[1m^[22m[39m[31m[1m^[22m
[39m[31m[1m^[22m[39m[31m[1m^[22m[39m[31m[1m
^[22m[39m[31m[1m^[22m[39m[31m[1m^[22m[39m[3
1m[1m^[22m[39m[31m[1m^[22m[39m[31m[1m^[22m[
39m[31m[1m^[22m[39m[31m[1m^[22m[39m[31m[1m^
[22m[39m[31m[1m^[22m[39m[31m[1m^[22m[39m[31m
[1m^[22m[39m[31m[1m^[22m[39m[31m[1m^[22m[39
m[31m[1m^[22m[39m[31m[1m^[22m[39m[31m[1m^[2
2m[39m[31m[1m^[22m[39m[31m[1m^[22m[39m[31m[
1m^[22m[39m[31m[1m^[22m[39m[31m[1m^[22m[39m
[31m[1m^[22m[39m[31m[1m^[22m[39m[31m[1m^[22m
[39m[31m[1m^[22m[39m[31m[1m^[22m[39m[31m[1m
^[22m[39m[31m[1m^[22m[39m[31m[1m^[22m[39m[3
1m[1m^[22m[39m[31m[1m^[22m[39m[31m[1m^[22m[
39m[31m[1m^[22m[39m[31m[1m^[22m[39m[31m[1m^
[22m[39m[31m[1m^[22m[39m
 [90m 19 |[39m [36mimport[39m { 
[33mEditDealDialog[39m } [36mfrom[39m 
[32m'@/components/deals/edit-deal-dialog'[39m
 [90m 20 |[39m [36mimport[39m { 
[33mMessageCircle[39m[33m,[39m 
[33mGripVertical[39m[33m,[39m 
[33mMoreHorizontal[39m[33m,[39m 
[33mPencil[39m[33m,[39m 
[33mTrash2[39m[33m,[39m [33mPlus[39m } 
[36mfrom[39m [32m'lucide-react'[39m
 [90m 21 |[39m [36mimport[39m { 
isToday[33m,[39m isTomorrow[33m,[39m 
isThisWeek[33m,[39m isPast } [36mfrom[39m 
[32m'date-fns'[39m[0m

Import map: aliased to relative 
'./app/dashboard/deals/actions' inside of 
[project]/OneDrive/Desktop/ROI Labs/CRM/crm-project


Import trace:
  Client Component Browser:
    ./OneDrive/Desktop/ROI 
Labs/CRM/crm-project/components/kanban-board.tsx 
[Client Component Browser]
    ./OneDrive/Desktop/ROI Labs/CRM/crm-project/compon
ents/dashboard/dashboard-tabs.tsx [Client Component 
Browser]
    ./OneDrive/Desktop/ROI Labs/CRM/crm-project/compon
ents/dashboard/dashboard-tabs.tsx [Server Component]
    ./OneDrive/Desktop/ROI Labs/CRM/crm-project/compon
ents/dashboard/dashboard-tabs-wrapper.tsx [Server 
Component]
    ./OneDrive/Desktop/ROI 
Labs/CRM/crm-project/app/[locale]/dashboard/page.tsx 
[Server Component]

https://nextjs.org/docs/messages/module-not-found


./OneDrive/Desktop/ROI Labs/CRM/crm-project/components
/email-automations/automation-card.tsx:10:1
Module not found: Can't resolve 
'@/app/dashboard/email-automations/actions'
[0m [90m  8 |[39m [36mimport[39m { 
[33mBadge[39m } [36mfrom[39m 
[32m'@/components/ui/badge'[39m
 [90m  9 |[39m [36mimport[39m { 
[33mSettings[39m[33m,[39m 
[33mMail[39m[33m,[39m 
[33mUserPlus[39m[33m,[39m 
[33mTrendingUp[39m[33m,[39m [33mArrowRight[39m 
} [36mfrom[39m [32m'lucide-react'[39m
[31m[1m>[22m[39m[90m 10 |[39m [36mimport[39m 
{ toggleAutomation } [36mfrom[39m 
[32m'@/app/dashboard/email-automations/actions'[39m
 [90m    |[39m [31m[1m^[22m[39m[31m[1m^[22m[
39m[31m[1m^[22m[39m[31m[1m^[22m[39m[31m[1m^
[22m[39m[31m[1m^[22m[39m[31m[1m^[22m[39m[31m
[1m^[22m[39m[31m[1m^[22m[39m[31m[1m^[22m[39
m[31m[1m^[22m[39m[31m[1m^[22m[39m[31m[1m^[2
2m[39m[31m[1m^[22m[39m[31m[1m^[22m[39m[31m[
1m^[22m[39m[31m[1m^[22m[39m[31m[1m^[22m[39m
[31m[1m^[22m[39m[31m[1m^[22m[39m[31m[1m^[22m
[39m[31m[1m^[22m[39m[31m[1m^[22m[39m[31m[1m
^[22m[39m[31m[1m^[22m[39m[31m[1m^[22m[39m[3
1m[1m^[22m[39m[31m[1m^[22m[39m[31m[1m^[22m[
39m[31m[1m^[22m[39m[31m[1m^[22m[39m[31m[1m^
[22m[39m[31m[1m^[22m[39m[31m[1m^[22m[39m[31m
[1m^[22m[39m[31m[1m^[22m[39m[31m[1m^[22m[39
m[31m[1m^[22m[39m[31m[1m^[22m[39m[31m[1m^[2
2m[39m[31m[1m^[22m[39m[31m[1m^[22m[39m[31m[
1m^[22m[39m[31m[1m^[22m[39m[31m[1m^[22m[39m
[31m[1m^[22m[39m[31m[1m^[22m[39m[31m[1m^[22m
[39m[31m[1m^[22m[39m[31m[1m^[22m[39m[31m[1m
^[22m[39m[31m[1m^[22m[39m[31m[1m^[22m[39m[3
1m[1m^[22m[39m[31m[1m^[22m[39m[31m[1m^[22m[
39m[31m[1m^[22m[39m[31m[1m^[22m[39m[31m[1m^
[22m[39m[31m[1m^[22m[39m[31m[1m^[22m[39m[31m
[1m^[22m[39m[31m[1m^[22m[39m[31m[1m^[22m[39
m[31m[1m^[22m[39m[31m[1m^[22m[39m[31m[1m^[2
2m[39m[31m[1m^[22m[39m[31m[1m^[22m[39m[31m[
1m^[22m[39m[31m[1m^[22m[39m[31m[1m^[22m[39m
[31m[1m^[22m[39m[31m[1m^[22m[39m[31m[1m^[22m
[39m[31m[1m^[22m[39m
 [90m 11 |[39m [36mimport[39m { useRouter } 
[36mfrom[39m [32m'next/navigation'[39m
 [90m 12 |[39m
 [90m 13 |[39m [36minterface[39m 
[33mAutomationCardProps[39m {[0m

Import map: aliased to relative 
'./app/dashboard/email-automations/actions' inside of 
[project]/OneDrive/Desktop/ROI Labs/CRM/crm-project


Import traces:
  Client Component Browser:
    ./OneDrive/Desktop/ROI Labs/CRM/crm-project/compon
ents/email-automations/automation-card.tsx [Client 
Component Browser]
    ./OneDrive/Desktop/ROI Labs/CRM/crm-project/app/[l
ocale]/dashboard/email-automations/client.tsx [Client 
Component Browser]
    ./OneDrive/Desktop/ROI Labs/CRM/crm-project/app/[l
ocale]/dashboard/email-automations/client.tsx [Server 
Component]
    ./OneDrive/Desktop/ROI Labs/CRM/crm-project/app/[l
ocale]/dashboard/email-automations/page.tsx [Server 
Component]

  Client Component SSR:
    ./OneDrive/Desktop/ROI Labs/CRM/crm-project/compon
ents/email-automations/automation-card.tsx [Client 
Component SSR]
    ./OneDrive/Desktop/ROI Labs/CRM/crm-project/app/[l
ocale]/dashboard/email-automations/client.tsx [Client 
Component SSR]
    ./OneDrive/Desktop/ROI Labs/CRM/crm-project/app/[l
ocale]/dashboard/email-automations/client.tsx [Server 
Component]
    ./OneDrive/Desktop/ROI Labs/CRM/crm-project/app/[l
ocale]/dashboard/email-automations/page.tsx [Server 
Component]

https://nextjs.org/docs/messages/module-not-found


./OneDrive/Desktop/ROI Labs/CRM/crm-project/components
/email-automations/template-editor.tsx:21:1
Module not found: Can't resolve 
'@/app/dashboard/email-automations/actions'
[0m [90m 19 |[39m [36mimport[39m { 
[33mVariableHelper[39m } [36mfrom[39m 
[32m'./variable-helper'[39m
 [90m 20 |[39m [36mimport[39m { 
[33mEye[39m[33m,[39m [33mSave[39m[33m,[39m 
[33mRotateCcw[39m } [36mfrom[39m 
[32m'lucide-react'[39m
[31m[1m>[22m[39m[90m 21 |[39m [36mimport[39m 
{ updateAutomationTemplate[33m,[39m 
resetAutomationToDefault } [36mfrom[39m 
[32m'@/app/dashboard/email-automations/actions'[39m
 [90m    |[39m [31m[1m^[22m[39m[31m[1m^[22m[
39m[31m[1m^[22m[39m[31m[1m^[22m[39m[31m[1m^
[22m[39m[31m[1m^[22m[39m[31m[1m^[22m[39m[31m
[1m^[22m[39m[31m[1m^[22m[39m[31m[1m^[22m[39
m[31m[1m^[22m[39m[31m[1m^[22m[39m[31m[1m^[2
2m[39m[31m[1m^[22m[39m[31m[1m^[22m[39m[31m[
1m^[22m[39m[31m[1m^[22m[39m[31m[1m^[22m[39m
[31m[1m^[22m[39m[31m[1m^[22m[39m[31m[1m^[22m
[39m[31m[1m^[22m[39m[31m[1m^[22m[39m[31m[1m
^[22m[39m[31m[1m^[22m[39m[31m[1m^[22m[39m[3
1m[1m^[22m[39m[31m[1m^[22m[39m[31m[1m^[22m[
39m[31m[1m^[22m[39m[31m[1m^[22m[39m[31m[1m^
[22m[39m[31m[1m^[22m[39m[31m[1m^[22m[39m[31m
[1m^[22m[39m[31m[1m^[22m[39m[31m[1m^[22m[39
m[31m[1m^[22m[39m[31m[1m^[22m[39m[31m[1m^[2
2m[39m[31m[1m^[22m[39m[31m[1m^[22m[39m[31m[
1m^[22m[39m[31m[1m^[22m[39m[31m[1m^[22m[39m
[31m[1m^[22m[39m[31m[1m^[22m[39m[31m[1m^[22m
[39m[31m[1m^[22m[39m[31m[1m^[22m[39m[31m[1m
^[22m[39m[31m[1m^[22m[39m[31m[1m^[22m[39m[3
1m[1m^[22m[39m[31m[1m^[22m[39m[31m[1m^[22m[
39m[31m[1m^[22m[39m[31m[1m^[22m[39m[31m[1m^
[22m[39m[31m[1m^[22m[39m[31m[1m^[22m[39m[31m
[1m^[22m[39m[31m[1m^[22m[39m[31m[1m^[22m[39
m[31m[1m^[22m[39m[31m[1m^[22m[39m[31m[1m^[2
2m[39m[31m[1m^[22m[39m[31m[1m^[22m[39m[31m[
1m^[22m[39m[31m[1m^[22m[39m[31m[1m^[22m[39m
[31m[1m^[22m[39m[31m[1m^[22m[39m[31m[1m^[22m
[39m[31m[1m^[22m[39m[31m[1m^[22m[39m[31m[1m
^[22m[39m[31m[1m^[22m[39m[31m[1m^[22m[39m[3
1m[1m^[22m[39m[31m[1m^[22m[39m[31m[1m^[22m[
39m[31m[1m^[22m[39m[31m[1m^[22m[39m[31m[1m^
[22m[39m[31m[1m^[22m[39m[31m[1m^[22m[39m[31m
[1m^[22m[39m[31m[1m^[22m[39m[31m[1m^[22m[39
m[31m[1m^[22m[39m[31m[1m^[22m[39m[31m[1m^[2
2m[39m[31m[1m^[22m[39m[31m[1m^[22m[39m[31m[
1m^[22m[39m[31m[1m^[22m[39m[31m[1m^[22m[39m
[31m[1m^[22m[39m[31m[1m^[22m[39m[31m[1m^[22m
[39m[31m[1m^[22m[39m[31m[1m^[22m[39m[31m[1m
^[22m[39m[31m[1m^[22m[39m[31m[1m^[22m[39m[3
1m[1m^[22m[39m[31m[1m^[22m[39m[31m[1m^[22m[
39m
 [90m 22 |[39m [36mimport[39m { useRouter } 
[36mfrom[39m [32m'next/navigation'[39m
 [90m 23 |[39m
 [90m 24 |[39m [36minterface[39m 
[33mTemplateEditorProps[39m {[0m

Import map: aliased to relative 
'./app/dashboard/email-automations/actions' inside of 
[project]/OneDrive/Desktop/ROI Labs/CRM/crm-project


Import traces:
  Client Component Browser:
    ./OneDrive/Desktop/ROI Labs/CRM/crm-project/compon
ents/email-automations/template-editor.tsx [Client 
Component Browser]
    ./OneDrive/Desktop/ROI Labs/CRM/crm-project/app/[l
ocale]/dashboard/email-automations/client.tsx [Client 
Component Browser]
    ./OneDrive/Desktop/ROI Labs/CRM/crm-project/app/[l
ocale]/dashboard/email-automations/client.tsx [Server 
Component]
    ./OneDrive/Desktop/ROI Labs/CRM/crm-project/app/[l
ocale]/dashboard/email-automations/page.tsx [Server 
Component]

  Client Component SSR:
    ./OneDrive/Desktop/ROI Labs/CRM/crm-project/compon
ents/email-automations/template-editor.tsx [Client 
Component SSR]
    ./OneDrive/Desktop/ROI Labs/CRM/crm-project/app/[l
ocale]/dashboard/email-automations/client.tsx [Client 
Component SSR]
    ./OneDrive/Desktop/ROI Labs/CRM/crm-project/app/[l
ocale]/dashboard/email-automations/client.tsx [Server 
Component]
    ./OneDrive/Desktop/ROI Labs/CRM/crm-project/app/[l
ocale]/dashboard/email-automations/page.tsx [Server 
Component]

https://nextjs.org/docs/messages/module-not-found


./OneDrive/Desktop/ROI 
Labs/CRM/crm-project/components/kanban-board.tsx:17:1
Module not found: Can't resolve 
'@/app/dashboard/pipeline/actions'
[0m [90m 15 |[39m [36mimport[39m { 
[33mCard[39m[33m,[39m [33mCardContent[39m } 
[36mfrom[39m [32m'@/components/ui/card'[39m
 [90m 16 |[39m [36mimport[39m { 
updateDealStage[33m,[39m updateDealStatus } 
[36mfrom[39m [32m'@/app/dashboard/actions'[39m
[31m[1m>[22m[39m[90m 17 |[39m [36mimport[39m 
{ updateStageOrder[33m,[39m deleteStage[33m,[39m 
updateStage[33m,[39m createStage } [36mfrom[39m 
[32m'@/app/dashboard/pipeline/actions'[39m
 [90m    |[39m [31m[1m^[22m[39m[31m[1m^[22m[
39m[31m[1m^[22m[39m[31m[1m^[22m[39m[31m[1m^
[22m[39m[31m[1m^[22m[39m[31m[1m^[22m[39m[31m
[1m^[22m[39m[31m[1m^[22m[39m[31m[1m^[22m[39
m[31m[1m^[22m[39m[31m[1m^[22m[39m[31m[1m^[2
2m[39m[31m[1m^[22m[39m[31m[1m^[22m[39m[31m[
1m^[22m[39m[31m[1m^[22m[39m[31m[1m^[22m[39m
[31m[1m^[22m[39m[31m[1m^[22m[39m[31m[1m^[22m
[39m[31m[1m^[22m[39m[31m[1m^[22m[39m[31m[1m
^[22m[39m[31m[1m^[22m[39m[31m[1m^[22m[39m[3
1m[1m^[22m[39m[31m[1m^[22m[39m[31m[1m^[22m[
39m[31m[1m^[22m[39m[31m[1m^[22m[39m[31m[1m^
[22m[39m[31m[1m^[22m[39m[31m[1m^[22m[39m[31m
[1m^[22m[39m[31m[1m^[22m[39m[31m[1m^[22m[39
m[31m[1m^[22m[39m[31m[1m^[22m[39m[31m[1m^[2
2m[39m[31m[1m^[22m[39m[31m[1m^[22m[39m[31m[
1m^[22m[39m[31m[1m^[22m[39m[31m[1m^[22m[39m
[31m[1m^[22m[39m[31m[1m^[22m[39m[31m[1m^[22m
[39m[31m[1m^[22m[39m[31m[1m^[22m[39m[31m[1m
^[22m[39m[31m[1m^[22m[39m[31m[1m^[22m[39m[3
1m[1m^[22m[39m[31m[1m^[22m[39m[31m[1m^[22m[
39m[31m[1m^[22m[39m[31m[1m^[22m[39m[31m[1m^
[22m[39m[31m[1m^[22m[39m[31m[1m^[22m[39m[31m
[1m^[22m[39m[31m[1m^[22m[39m[31m[1m^[22m[39
m[31m[1m^[22m[39m[31m[1m^[22m[39m[31m[1m^[2
2m[39m[31m[1m^[22m[39m[31m[1m^[22m[39m[31m[
1m^[22m[39m[31m[1m^[22m[39m[31m[1m^[22m[39m
[31m[1m^[22m[39m[31m[1m^[22m[39m[31m[1m^[22m
[39m[31m[1m^[22m[39m[31m[1m^[22m[39m[31m[1m
^[22m[39m[31m[1m^[22m[39m[31m[1m^[22m[39m[3
1m[1m^[22m[39m[31m[1m^[22m[39m[31m[1m^[22m[
39m[31m[1m^[22m[39m[31m[1m^[22m[39m[31m[1m^
[22m[39m[31m[1m^[22m[39m[31m[1m^[22m[39m[31m
[1m^[22m[39m[31m[1m^[22m[39m[31m[1m^[22m[39
m[31m[1m^[22m[39m[31m[1m^[22m[39m[31m[1m^[2
2m[39m[31m[1m^[22m[39m[31m[1m^[22m[39m[31m[
1m^[22m[39m[31m[1m^[22m[39m[31m[1m^[22m[39m
[31m[1m^[22m[39m[31m[1m^[22m[39m[31m[1m^[22m
[39m[31m[1m^[22m[39m[31m[1m^[22m[39m[31m[1m
^[22m[39m[31m[1m^[22m[39m
 [90m 18 |[39m [36mimport[39m { reorderDeals } 
[36mfrom[39m 
[32m'@/app/dashboard/deals/actions'[39m
 [90m 19 |[39m [36mimport[39m { 
[33mEditDealDialog[39m } [36mfrom[39m 
[32m'@/components/deals/edit-deal-dialog'[39m
 [90m 20 |[39m [36mimport[39m { 
[33mMessageCircle[39m[33m,[39m 
[33mGripVertical[39m[33m,[39m 
[33mMoreHorizontal[39m[33m,[39m 
[33mPencil[39m[33m,[39m 
[33mTrash2[39m[33m,[39m [33mPlus[39m } 
[36mfrom[39m [32m'lucide-react'[39m[0m

Import map: aliased to relative 
'./app/dashboard/pipeline/actions' inside of 
[project]/OneDrive/Desktop/ROI Labs/CRM/crm-project


Import trace:
  Client Component Browser:
    ./OneDrive/Desktop/ROI 
Labs/CRM/crm-project/components/kanban-board.tsx 
[Client Component Browser]
    ./OneDrive/Desktop/ROI Labs/CRM/crm-project/compon
ents/dashboard/dashboard-tabs.tsx [Client Component 
Browser]
    ./OneDrive/Desktop/ROI Labs/CRM/crm-project/compon
ents/dashboard/dashboard-tabs.tsx [Server Component]
    ./OneDrive/Desktop/ROI Labs/CRM/crm-project/compon
ents/dashboard/dashboard-tabs-wrapper.tsx [Server 
Component]
    ./OneDrive/Desktop/ROI 
Labs/CRM/crm-project/app/[locale]/dashboard/page.tsx 
[Server Component]

https://nextjs.org/docs/messages/module-not-found


./OneDrive/Desktop/ROI Labs/CRM/crm-project/components
/settings/profile-form.tsx:4:1
Module not found: Can't resolve 
'@/app/dashboard/settings/actions'
[0m [90m 2 |[39m
 [90m 3 |[39m [36mimport[39m { useState } 
[36mfrom[39m [32m'react'[39m
[31m[1m>[22m[39m[90m 4 |[39m [36mimport[39m { 
updateProfile } [36mfrom[39m 
[32m'@/app/dashboard/settings/actions'[39m
 [90m   |[39m [31m[1m^[22m[39m[31m[1m^[22m[3
9m[31m[1m^[22m[39m[31m[1m^[22m[39m[31m[1m^[
22m[39m[31m[1m^[22m[39m[31m[1m^[22m[39m[31m
[1m^[22m[39m[31m[1m^[22m[39m[31m[1m^[22m[39m
[31m[1m^[22m[39m[31m[1m^[22m[39m[31m[1m^[22
m[39m[31m[1m^[22m[39m[31m[1m^[22m[39m[31m[1
m^[22m[39m[31m[1m^[22m[39m[31m[1m^[22m[39m[
31m[1m^[22m[39m[31m[1m^[22m[39m[31m[1m^[22m
[39m[31m[1m^[22m[39m[31m[1m^[22m[39m[31m[1m^
[22m[39m[31m[1m^[22m[39m[31m[1m^[22m[39m[31
m[1m^[22m[39m[31m[1m^[22m[39m[31m[1m^[22m[3
9m[31m[1m^[22m[39m[31m[1m^[22m[39m[31m[1m^[
22m[39m[31m[1m^[22m[39m[31m[1m^[22m[39m[31m
[1m^[22m[39m[31m[1m^[22m[39m[31m[1m^[22m[39m
[31m[1m^[22m[39m[31m[1m^[22m[39m[31m[1m^[22
m[39m[31m[1m^[22m[39m[31m[1m^[22m[39m[31m[1
m^[22m[39m[31m[1m^[22m[39m[31m[1m^[22m[39m[
31m[1m^[22m[39m[31m[1m^[22m[39m[31m[1m^[22m
[39m[31m[1m^[22m[39m[31m[1m^[22m[39m[31m[1m^
[22m[39m[31m[1m^[22m[39m[31m[1m^[22m[39m[31
m[1m^[22m[39m[31m[1m^[22m[39m[31m[1m^[22m[3
9m[31m[1m^[22m[39m[31m[1m^[22m[39m[31m[1m^[
22m[39m[31m[1m^[22m[39m[31m[1m^[22m[39m[31m
[1m^[22m[39m[31m[1m^[22m[39m[31m[1m^[22m[39m
 [90m 5 |[39m [36mimport[39m { [33mInput[39m } 
[36mfrom[39m [32m'@/components/ui/input'[39m
 [90m 6 |[39m [36mimport[39m { [33mLabel[39m } 
[36mfrom[39m [32m'@/components/ui/label'[39m
 [90m 7 |[39m [36mimport[39m { [33mButton[39m } 
[36mfrom[39m [32m'@/components/ui/button'[39m[0m

Import map: aliased to relative 
'./app/dashboard/settings/actions' inside of 
[project]/OneDrive/Desktop/ROI Labs/CRM/crm-project


Import traces:
  Client Component Browser:
    ./OneDrive/Desktop/ROI Labs/CRM/crm-project/compon
ents/settings/profile-form.tsx [Client Component 
Browser]
    ./OneDrive/Desktop/ROI Labs/CRM/crm-project/app/[l
ocale]/dashboard/settings/client.tsx [Client 
Component Browser]
    ./OneDrive/Desktop/ROI Labs/CRM/crm-project/app/[l
ocale]/dashboard/settings/client.tsx [Server 
Component]
    ./OneDrive/Desktop/ROI Labs/CRM/crm-project/app/[l
ocale]/dashboard/settings/page.tsx [Server Component]

  Client Component SSR:
    ./OneDrive/Desktop/ROI Labs/CRM/crm-project/compon
ents/settings/profile-form.tsx [Client Component SSR]
    ./OneDrive/Desktop/ROI Labs/CRM/crm-project/app/[l
ocale]/dashboard/settings/client.tsx [Client 
Component SSR]
    ./OneDrive/Desktop/ROI Labs/CRM/crm-project/app/[l
ocale]/dashboard/settings/client.tsx [Server 
Component]
    ./OneDrive/Desktop/ROI Labs/CRM/crm-project/app/[l
ocale]/dashboard/settings/page.tsx [Server Component]

https://nextjs.org/docs/messages/module-not-found


    at <unknown> (./OneDrive/Desktop/ROI Labs/CRM/crm-
project/components/deals/create-deal-dialog.tsx:26:1)
    at <unknown> 
(https://nextjs.org/docs/messages/module-not-found)
    at <unknown> (./OneDrive/Desktop/ROI Labs/CRM/crm-
project/components/deals/edit-deal-dialog.tsx:29:1)
    at <unknown> 
(https://nextjs.org/docs/messages/module-not-found)
    at <unknown> (./OneDrive/Desktop/ROI 
Labs/CRM/crm-project/components/kanban-board.tsx:16:1)
    at <unknown> 
(https://nextjs.org/docs/messages/module-not-found)
    at <unknown> (./OneDrive/Desktop/ROI Labs/CRM/crm-
project/app/[locale]/dashboard/analytics/page.tsx:16:1
)
    at <unknown> 
(https://nextjs.org/docs/messages/module-not-found)
    at <unknown> (./OneDrive/Desktop/ROI Labs/CRM/crm-
project/components/contacts/columns.tsx:9:1)
    at <unknown> 
(https://nextjs.org/docs/messages/module-not-found)
    at <unknown> (./OneDrive/Desktop/ROI Labs/CRM/crm-
project/components/contacts/create-contact-dialog.tsx:
17:1)
    at <unknown> 
(https://nextjs.org/docs/messages/module-not-found)
    at <unknown> (./OneDrive/Desktop/ROI Labs/CRM/crm-
project/components/contacts/data-table.tsx:15:1)
    at <unknown> 
(https://nextjs.org/docs/messages/module-not-found)
    at <unknown> (./OneDrive/Desktop/ROI Labs/CRM/crm-
project/components/contacts/edit-contact-dialog.tsx:17
:1)
    at <unknown> 
(https://nextjs.org/docs/messages/module-not-found)
    at <unknown> (./OneDrive/Desktop/ROI Labs/CRM/crm-
project/components/deals/edit-deal-dialog.tsx:31:1)
    at <unknown> 
(https://nextjs.org/docs/messages/module-not-found)
    at <unknown> (./OneDrive/Desktop/ROI Labs/CRM/crm-
project/components/deals/edit-deal-dialog.tsx:30:1)
    at <unknown> 
(https://nextjs.org/docs/messages/module-not-found)
    at <unknown> (./OneDrive/Desktop/ROI 
Labs/CRM/crm-project/components/kanban-board.tsx:18:1)
    at <unknown> 
(https://nextjs.org/docs/messages/module-not-found)
    at <unknown> (./OneDrive/Desktop/ROI Labs/CRM/crm-
project/components/email-automations/automation-card.t
sx:10:1)
    at <unknown> 
(https://nextjs.org/docs/messages/module-not-found)
    at <unknown> (./OneDrive/Desktop/ROI Labs/CRM/crm-
project/components/email-automations/template-editor.t
sx:21:1)
    at <unknown> 
(https://nextjs.org/docs/messages/module-not-found)
    at <unknown> (./OneDrive/Desktop/ROI 
Labs/CRM/crm-project/components/kanban-board.tsx:17:1)
    at <unknown> 
(https://nextjs.org/docs/messages/module-not-found)
    at <unknown> (./OneDrive/Desktop/ROI Labs/CRM/crm-
project/components/settings/profile-form.tsx:4:1)
    at <unknown> 
(https://nextjs.org/docs/messages/module-not-found)
