
> crm-project@0.1.0 test:e2e
> playwright test

[1A[2K[2m[WebServer] [22m[33m[1m⚠[22m[39m Warning: Next.js inferred your workspace root, but it may not be correct.
[2m[WebServer] [22m We detected multiple lockfiles and selected the directory of c:\Users\jeanz\package-lock.json as the root directory.
[2m[WebServer] [22m To silence this warning, set `turbopack.root` in your Next.js config, or consider removing one of the lockfiles if it's not needed.
[2m[WebServer] [22m   See https://nextjs.org/docs/app/api-reference/config/next-config-js/turbopack#root-directory for more information.
[2m[WebServer] [22m Detected additional lockfiles: 
[2m[WebServer] [22m   * c:\Users\jeanz\OneDrive\Desktop\ROI Labs\CRM\crm-project\package-lock.json
[2m[WebServer] [22m

[1A[2K[2m[WebServer] [22m[33m[1m⚠[22m[39m The "middleware" file convention is deprecated. Please use "proxy" instead. Learn more: https://nextjs.org/docs/messages/middleware-to-proxy

[1A[2K[2m[WebServer] [22m[33m[1m⚠[22m[39m Warning: Next.js inferred your workspace root, but it may not be correct.
[2m[WebServer] [22m We detected multiple lockfiles and selected the directory of c:\Users\jeanz\package-lock.json as the root directory.
[2m[WebServer] [22m To silence this warning, set `outputFileTracingRoot` in your Next.js config, or consider removing one of the lockfiles if it's not needed.
[2m[WebServer] [22m   See https://nextjs.org/docs/app/api-reference/config/next-config-js/output#caveats for more information.
[2m[WebServer] [22m Detected additional lockfiles: 
[2m[WebServer] [22m   * c:\Users\jeanz\OneDrive\Desktop\ROI Labs\CRM\crm-project\package-lock.json
[2m[WebServer] [22m


Running 96 tests using 6 workers

[1A[2K[1/96] [chromium] › e2e\auth\login.spec.ts:77:7 › User Login › should show error for wrong password
[1A[2K[2/96] [chromium] › e2e\auth\login.spec.ts:116:7 › User Login › should navigate to register page from login page
[1A[2K[3/96] [chromium] › e2e\auth\login.spec.ts:104:7 › User Login › should show validation error for empty fields
[1A[2K[4/96] [chromium] › e2e\auth\login.spec.ts:129:7 › User Login › should persist session after page reload
[1A[2K[5/96] [chromium] › e2e\auth\login.spec.ts:33:7 › User Login › should successfully login with valid credentials
[1A[2K[6/96] [chromium] › e2e\auth\login.spec.ts:57:7 › User Login › should show error for invalid email
[1A[2K[7/96] [chromium] › e2e\auth\login.spec.ts:154:7 › User Login › should logout successfully
[1A[2K[8/96] [chromium] › e2e\auth\login.spec.ts:182:7 › User Login › should handle Google OAuth button visibility
[1A[2K[9/96] [chromium] › e2e\auth\protected-routes.spec.ts:16:11 › Protected Routes › Unauthenticated User › should redirect to login when accessing /dashboard
[1A[2K[2m[WebServer] [22m❌ Failed to send email: Automation disabled

[1A[2K[2m[WebServer] [22m❌ Failed to send email: Automation disabled

[1A[2K[2m[WebServer] [22m❌ Failed to send email: Automation disabled

[1A[2K[10/96] [chromium] › e2e\auth\protected-routes.spec.ts:16:11 › Protected Routes › Unauthenticated User › should redirect to login when accessing /dashboard/analytics
[1A[2K[11/96] [chromium] › e2e\auth\protected-routes.spec.ts:16:11 › Protected Routes › Unauthenticated User › should redirect to login when accessing /dashboard/contacts
[1A[2K[2m[WebServer] [22m❌ Failed to send email: Automation disabled

[1A[2K[12/96] [chromium] › e2e\auth\protected-routes.spec.ts:16:11 › Protected Routes › Unauthenticated User › should redirect to login when accessing /dashboard/settings
[1A[2K[13/96] [chromium] › e2e\auth\protected-routes.spec.ts:16:11 › Protected Routes › Unauthenticated User › should redirect to login when accessing /dashboard/billing
[1A[2K[14/96] [chromium] › e2e\auth\protected-routes.spec.ts:16:11 › Protected Routes › Unauthenticated User › should redirect to login when accessing /dashboard/pipelines
[1A[2K[15/96] [chromium] › e2e\auth\protected-routes.spec.ts:16:11 › Protected Routes › Unauthenticated User › should redirect to login when accessing /dashboard/email-automations
[1A[2K[16/96] [chromium] › e2e\auth\protected-routes.spec.ts:26:9 › Protected Routes › Unauthenticated User › should redirect to login when accessing /admin routes
[1A[2K[17/96] [chromium] › e2e\auth\protected-routes.spec.ts:36:9 › Protected Routes › Authenticated User › should allow access to protected routes after login
[1A[2K[18/96] [chromium] › e2e\auth\protected-routes.spec.ts:62:9 › Protected Routes › Authenticated User › should not allow non-admin to access /admin routes
[1A[2K[19/96] [chromium] › e2e\auth\protected-routes.spec.ts:100:11 › Protected Routes › Public Routes › should allow unauthenticated access to /
[1A[2K[20/96] [chromium] › e2e\auth\protected-routes.spec.ts:100:11 › Protected Routes › Public Routes › should allow unauthenticated access to /login
[1A[2K[21/96] [chromium] › e2e\auth\protected-routes.spec.ts:100:11 › Protected Routes › Public Routes › should allow unauthenticated access to /register
[1A[2K[2m[WebServer] [22m❌ Failed to send email: Automation disabled

[1A[2K[2m[WebServer] [22m❌ Failed to send email: Automation disabled

[1A[2K[22/96] [chromium] › e2e\auth\protected-routes.spec.ts:100:11 › Protected Routes › Public Routes › should allow unauthenticated access to /pricing
[1A[2K[23/96] [chromium] › e2e\auth\protected-routes.spec.ts:100:11 › Protected Routes › Public Routes › should allow unauthenticated access to /features
[1A[2K[24/96] [chromium] › e2e\auth\protected-routes.spec.ts:100:11 › Protected Routes › Public Routes › should allow unauthenticated access to /blog
[1A[2K[25/96] [chromium] › e2e\auth\protected-routes.spec.ts:116:9 › Protected Routes › Session Expiration › should redirect to login after clearing cookies
[1A[2K[26/96] [chromium] › e2e\auth\register.spec.ts:6:7 › User Registration › should successfully register a new user
[1A[2K[27/96] [chromium] › e2e\auth\register.spec.ts:38:7 › User Registration › should show error for duplicate email
[1A[2K[2m[WebServer] [22m❌ Failed to send email: Automation disabled

[1A[2K[2m[WebServer] [22m❌ Failed to send email: Automation disabled

[1A[2K[2m[WebServer] [22m❌ Failed to send email: Automation disabled

[1A[2K[28/96] [chromium] › e2e\auth\register.spec.ts:87:7 › User Registration › should show validation errors for empty fields
[1A[2K[29/96] [chromium] › e2e\auth\register.spec.ts:102:7 › User Registration › should navigate to login page from register page
[1A[2K[30/96] [chromium] › e2e\auth\register.spec.ts:115:7 › User Registration › should create default pipeline for new user
[1A[2K[31/96] [chromium] › e2e\example.spec.ts:4:7 › Playwright Setup Validation › should load homepage
[1A[2K[32/96] [chromium] › e2e\example.spec.ts:15:7 › Playwright Setup Validation › should load pricing page
[1A[2K[2m[WebServer] [22m❌ Failed to send email: Automation disabled

[1A[2K[33/96] [firefox] › e2e\auth\login.spec.ts:33:7 › User Login › should successfully login with valid credentials
[1A[2K[34/96] [firefox] › e2e\auth\login.spec.ts:57:7 › User Login › should show error for invalid email
[1A[2K[35/96] [firefox] › e2e\auth\login.spec.ts:104:7 › User Login › should show validation error for empty fields
[1A[2K[36/96] [firefox] › e2e\auth\login.spec.ts:77:7 › User Login › should show error for wrong password
[1A[2K[2m[WebServer] [22m❌ Failed to send email: Automation disabled

[1A[2K[37/96] [firefox] › e2e\auth\login.spec.ts:116:7 › User Login › should navigate to register page from login page
[1A[2K[38/96] [firefox] › e2e\auth\login.spec.ts:129:7 › User Login › should persist session after page reload
[1A[2K[2m[WebServer] [22m❌ Failed to send email: Automation disabled

[1A[2K[39/96] [firefox] › e2e\auth\login.spec.ts:154:7 › User Login › should logout successfully
[1A[2K[2m[WebServer] [22m❌ Failed to send email: Automation disabled

[1A[2K[2m[WebServer] [22m❌ Failed to send email: Automation disabled

[1A[2K[40/96] [firefox] › e2e\auth\login.spec.ts:182:7 › User Login › should handle Google OAuth button visibility
[1A[2K[41/96] [firefox] › e2e\auth\protected-routes.spec.ts:16:11 › Protected Routes › Unauthenticated User › should redirect to login when accessing /dashboard
[1A[2K  1) [chromium] › e2e\auth\login.spec.ts:154:7 › User Login › should logout successfully ───────────

    [31mTest timeout of 60000ms exceeded.[39m

    Error: page.waitForURL: Test timeout of 60000ms exceeded.
    =========================== logs ===========================
    waiting for navigation until "load"
    ============================================================

      177 |
      178 |     // Should redirect back to login
    > 179 |     await page.waitForURL(/\/login/)
          |                ^
      180 |   })
      181 |
      182 |   test('should handle Google OAuth button visibility', async ({ page }) => {
        at c:\Users\jeanz\OneDrive\Desktop\ROI Labs\CRM\crm-project\e2e\auth\login.spec.ts:179:16

    attachment #1: screenshot (image/png) ──────────────────────────────────────────────────────────
    test-results\auth-login-User-Login-should-logout-successfully-chromium\test-failed-1.png
    ────────────────────────────────────────────────────────────────────────────────────────────────

    Error Context: test-results\auth-login-User-Login-should-logout-successfully-chromium\error-context.md


[1A[2K[42/96] [firefox] › e2e\auth\protected-routes.spec.ts:16:11 › Protected Routes › Unauthenticated User › should redirect to login when accessing /dashboard/contacts
[1A[2K[43/96] [firefox] › e2e\auth\protected-routes.spec.ts:16:11 › Protected Routes › Unauthenticated User › should redirect to login when accessing /dashboard/settings
[1A[2K[44/96] [firefox] › e2e\auth\protected-routes.spec.ts:16:11 › Protected Routes › Unauthenticated User › should redirect to login when accessing /dashboard/billing
[1A[2K[45/96] [firefox] › e2e\auth\protected-routes.spec.ts:16:11 › Protected Routes › Unauthenticated User › should redirect to login when accessing /dashboard/analytics
[1A[2K  2) [chromium] › e2e\auth\protected-routes.spec.ts:116:9 › Protected Routes › Session Expiration › should redirect to login after clearing cookies 

    [31mTest timeout of 60000ms exceeded.[39m

    Error: page.waitForURL: Test timeout of 60000ms exceeded.
    =========================== logs ===========================
    waiting for navigation until "load"
    ============================================================

      137 |
      138 |       // Should redirect to login
    > 139 |       await page.waitForURL(/\/login/)
          |                  ^
      140 |       expect(page.url()).toContain('/login')
      141 |     })
      142 |   })
        at c:\Users\jeanz\OneDrive\Desktop\ROI Labs\CRM\crm-project\e2e\auth\protected-routes.spec.ts:139:18

    attachment #1: screenshot (image/png) ──────────────────────────────────────────────────────────
    test-results\auth-protected-routes-Prot-6c48e-ogin-after-clearing-cookies-chromium\test-failed-1.png
    ────────────────────────────────────────────────────────────────────────────────────────────────

    Error Context: test-results\auth-protected-routes-Prot-6c48e-ogin-after-clearing-cookies-chromium\error-context.md


[1A[2K[46/96] [firefox] › e2e\auth\protected-routes.spec.ts:16:11 › Protected Routes › Unauthenticated User › should redirect to login when accessing /dashboard/email-automations
[1A[2K[47/96] [firefox] › e2e\auth\protected-routes.spec.ts:26:9 › Protected Routes › Unauthenticated User › should redirect to login when accessing /admin routes
[1A[2K[48/96] [firefox] › e2e\auth\protected-routes.spec.ts:16:11 › Protected Routes › Unauthenticated User › should redirect to login when accessing /dashboard/pipelines
[1A[2K[49/96] [firefox] › e2e\auth\protected-routes.spec.ts:36:9 › Protected Routes › Authenticated User › should allow access to protected routes after login
[1A[2K[50/96] [firefox] › e2e\auth\protected-routes.spec.ts:62:9 › Protected Routes › Authenticated User › should not allow non-admin to access /admin routes
[1A[2K[2m[WebServer] [22m❌ Failed to send email: Automation disabled

[1A[2K[51/96] [firefox] › e2e\auth\protected-routes.spec.ts:100:11 › Protected Routes › Public Routes › should allow unauthenticated access to /
[1A[2K[2m[WebServer] [22m❌ Failed to send email: Automation disabled

[1A[2K[52/96] [firefox] › e2e\auth\protected-routes.spec.ts:100:11 › Protected Routes › Public Routes › should allow unauthenticated access to /login
[1A[2K[53/96] [firefox] › e2e\auth\protected-routes.spec.ts:100:11 › Protected Routes › Public Routes › should allow unauthenticated access to /register
[1A[2K[54/96] [firefox] › e2e\auth\protected-routes.spec.ts:100:11 › Protected Routes › Public Routes › should allow unauthenticated access to /pricing
[1A[2K[55/96] [firefox] › e2e\auth\protected-routes.spec.ts:100:11 › Protected Routes › Public Routes › should allow unauthenticated access to /features
[1A[2K[56/96] [firefox] › e2e\auth\protected-routes.spec.ts:100:11 › Protected Routes › Public Routes › should allow unauthenticated access to /blog
[1A[2K[57/96] [firefox] › e2e\auth\protected-routes.spec.ts:116:9 › Protected Routes › Session Expiration › should redirect to login after clearing cookies
[1A[2K[58/96] [firefox] › e2e\auth\register.spec.ts:6:7 › User Registration › should successfully register a new user
[1A[2K  3) [firefox] › e2e\auth\login.spec.ts:33:7 › User Login › should successfully login with valid credentials 

    [31mTest timeout of 60000ms exceeded.[39m

    Error: page.fill: Test timeout of 60000ms exceeded.
    Call log:
    [2m  - waiting for locator('input[name="email"]')[22m


       at page-objects\login-page.ts:24

      22 |    */
      23 |   async fillEmail(email: string) {
    > 24 |     await this.page.fill('input[name="email"]', email)
         |                     ^
      25 |   }
      26 |
      27 |   /**
        at LoginPage.fillEmail (c:\Users\jeanz\OneDrive\Desktop\ROI Labs\CRM\crm-project\e2e\page-objects\login-page.ts:24:21)
        at LoginPage.login (c:\Users\jeanz\OneDrive\Desktop\ROI Labs\CRM\crm-project\e2e\page-objects\login-page.ts:45:16)
        at c:\Users\jeanz\OneDrive\Desktop\ROI Labs\CRM\crm-project\e2e\auth\login.spec.ts:47:21

    attachment #1: screenshot (image/png) ──────────────────────────────────────────────────────────
    test-results\auth-login-User-Login-shou-32e1a-ogin-with-valid-credentials-firefox\test-failed-1.png
    ────────────────────────────────────────────────────────────────────────────────────────────────

    Error Context: test-results\auth-login-User-Login-shou-32e1a-ogin-with-valid-credentials-firefox\error-context.md


[1A[2K[59/96] [firefox] › e2e\auth\register.spec.ts:87:7 › User Registration › should show validation errors for empty fields
[1A[2K[2m[WebServer] [22m❌ Failed to send email: Automation disabled

[1A[2K[60/96] [firefox] › e2e\auth\register.spec.ts:102:7 › User Registration › should navigate to login page from register page
[1A[2K[2m[WebServer] [22m❌ Failed to send email: Automation disabled

[1A[2K[61/96] [firefox] › e2e\auth\register.spec.ts:38:7 › User Registration › should show error for duplicate email
[1A[2K[62/96] [firefox] › e2e\auth\register.spec.ts:115:7 › User Registration › should create default pipeline for new user
[1A[2K[63/96] [firefox] › e2e\example.spec.ts:4:7 › Playwright Setup Validation › should load homepage
[1A[2K[64/96] [firefox] › e2e\example.spec.ts:15:7 › Playwright Setup Validation › should load pricing page
[1A[2K[2m[WebServer] [22m❌ Failed to send email: Automation disabled

[1A[2K  4) [firefox] › e2e\auth\login.spec.ts:129:7 › User Login › should persist session after page reload 

    [31mTest timeout of 60000ms exceeded.[39m

    Error: page.fill: Test timeout of 60000ms exceeded.
    Call log:
    [2m  - waiting for locator('input[name="email"]')[22m


       at page-objects\login-page.ts:24

      22 |    */
      23 |   async fillEmail(email: string) {
    > 24 |     await this.page.fill('input[name="email"]', email)
         |                     ^
      25 |   }
      26 |
      27 |   /**
        at LoginPage.fillEmail (c:\Users\jeanz\OneDrive\Desktop\ROI Labs\CRM\crm-project\e2e\page-objects\login-page.ts:24:21)
        at LoginPage.login (c:\Users\jeanz\OneDrive\Desktop\ROI Labs\CRM\crm-project\e2e\page-objects\login-page.ts:45:16)
        at c:\Users\jeanz\OneDrive\Desktop\ROI Labs\CRM\crm-project\e2e\auth\login.spec.ts:139:21

    attachment #1: screenshot (image/png) ──────────────────────────────────────────────────────────
    test-results\auth-login-User-Login-shou-17929-t-session-after-page-reload-firefox\test-failed-1.png
    ────────────────────────────────────────────────────────────────────────────────────────────────

    Error Context: test-results\auth-login-User-Login-shou-17929-t-session-after-page-reload-firefox\error-context.md


[1A[2K  5) [firefox] › e2e\auth\login.spec.ts:154:7 › User Login › should logout successfully ────────────

    [31mTest timeout of 60000ms exceeded.[39m

    Error: page.fill: Test timeout of 60000ms exceeded.
    Call log:
    [2m  - waiting for locator('input[name="email"]')[22m


       at page-objects\login-page.ts:24

      22 |    */
      23 |   async fillEmail(email: string) {
    > 24 |     await this.page.fill('input[name="email"]', email)
         |                     ^
      25 |   }
      26 |
      27 |   /**
        at LoginPage.fillEmail (c:\Users\jeanz\OneDrive\Desktop\ROI Labs\CRM\crm-project\e2e\page-objects\login-page.ts:24:21)
        at LoginPage.login (c:\Users\jeanz\OneDrive\Desktop\ROI Labs\CRM\crm-project\e2e\page-objects\login-page.ts:45:16)
        at c:\Users\jeanz\OneDrive\Desktop\ROI Labs\CRM\crm-project\e2e\auth\login.spec.ts:166:21

    attachment #1: screenshot (image/png) ──────────────────────────────────────────────────────────
    test-results\auth-login-User-Login-should-logout-successfully-firefox\test-failed-1.png
    ────────────────────────────────────────────────────────────────────────────────────────────────

    Error Context: test-results\auth-login-User-Login-should-logout-successfully-firefox\error-context.md


[1A[2K[2m[WebServer] [22m❌ Failed to send email: Automation disabled

[1A[2K[65/96] [webkit] › e2e\auth\login.spec.ts:57:7 › User Login › should show error for invalid email
[1A[2K[66/96] [webkit] › e2e\auth\login.spec.ts:104:7 › User Login › should show validation error for empty fields
[1A[2K[67/96] [webkit] › e2e\auth\login.spec.ts:116:7 › User Login › should navigate to register page from login page
[1A[2K[68/96] [webkit] › e2e\auth\login.spec.ts:33:7 › User Login › should successfully login with valid credentials
[1A[2K[69/96] [webkit] › e2e\auth\login.spec.ts:77:7 › User Login › should show error for wrong password
[1A[2K[70/96] [webkit] › e2e\auth\login.spec.ts:129:7 › User Login › should persist session after page reload
[1A[2K[71/96] [webkit] › e2e\auth\login.spec.ts:154:7 › User Login › should logout successfully
[1A[2K[2m[WebServer] [22m❌ Failed to send email: Automation disabled

[1A[2K[2m[WebServer] [22m❌ Failed to send email: Automation disabled

[1A[2K[72/96] [webkit] › e2e\auth\login.spec.ts:182:7 › User Login › should handle Google OAuth button visibility
[1A[2K[2m[WebServer] [22m❌ Failed to send email: Automation disabled

[1A[2K[73/96] [webkit] › e2e\auth\protected-routes.spec.ts:16:11 › Protected Routes › Unauthenticated User › should redirect to login when accessing /dashboard
[1A[2K[74/96] [webkit] › e2e\auth\protected-routes.spec.ts:16:11 › Protected Routes › Unauthenticated User › should redirect to login when accessing /dashboard/analytics
[1A[2K[2m[WebServer] [22m❌ Failed to send email: Automation disabled

[1A[2K[75/96] [webkit] › e2e\auth\protected-routes.spec.ts:16:11 › Protected Routes › Unauthenticated User › should redirect to login when accessing /dashboard/contacts
[1A[2K[76/96] [webkit] › e2e\auth\protected-routes.spec.ts:16:11 › Protected Routes › Unauthenticated User › should redirect to login when accessing /dashboard/settings
[1A[2K[77/96] [webkit] › e2e\auth\protected-routes.spec.ts:16:11 › Protected Routes › Unauthenticated User › should redirect to login when accessing /dashboard/billing
[1A[2K[78/96] [webkit] › e2e\auth\protected-routes.spec.ts:16:11 › Protected Routes › Unauthenticated User › should redirect to login when accessing /dashboard/pipelines
[1A[2K[79/96] [webkit] › e2e\auth\protected-routes.spec.ts:16:11 › Protected Routes › Unauthenticated User › should redirect to login when accessing /dashboard/email-automations
[1A[2K[80/96] [webkit] › e2e\auth\protected-routes.spec.ts:26:9 › Protected Routes › Unauthenticated User › should redirect to login when accessing /admin routes
[1A[2K[81/96] [webkit] › e2e\auth\protected-routes.spec.ts:36:9 › Protected Routes › Authenticated User › should allow access to protected routes after login
[1A[2K[82/96] [webkit] › e2e\auth\protected-routes.spec.ts:62:9 › Protected Routes › Authenticated User › should not allow non-admin to access /admin routes
[1A[2K[83/96] [webkit] › e2e\auth\protected-routes.spec.ts:100:11 › Protected Routes › Public Routes › should allow unauthenticated access to /
[1A[2K[84/96] [webkit] › e2e\auth\protected-routes.spec.ts:100:11 › Protected Routes › Public Routes › should allow unauthenticated access to /login
[1A[2K[85/96] [webkit] › e2e\auth\protected-routes.spec.ts:100:11 › Protected Routes › Public Routes › should allow unauthenticated access to /register
[1A[2K[2m[WebServer] [22m❌ Failed to send email: Automation disabled

[1A[2K[86/96] [webkit] › e2e\auth\protected-routes.spec.ts:100:11 › Protected Routes › Public Routes › should allow unauthenticated access to /pricing
[1A[2K[2m[WebServer] [22m❌ Failed to send email: Automation disabled

[1A[2K[87/96] [webkit] › e2e\auth\protected-routes.spec.ts:100:11 › Protected Routes › Public Routes › should allow unauthenticated access to /features
[1A[2K[88/96] [webkit] › e2e\auth\protected-routes.spec.ts:100:11 › Protected Routes › Public Routes › should allow unauthenticated access to /blog
[1A[2K[89/96] [webkit] › e2e\auth\protected-routes.spec.ts:116:9 › Protected Routes › Session Expiration › should redirect to login after clearing cookies
[1A[2K[90/96] [webkit] › e2e\auth\register.spec.ts:6:7 › User Registration › should successfully register a new user
[1A[2K[91/96] [webkit] › e2e\auth\register.spec.ts:38:7 › User Registration › should show error for duplicate email
[1A[2K[92/96] [webkit] › e2e\auth\register.spec.ts:87:7 › User Registration › should show validation errors for empty fields
[1A[2K  6) [firefox] › e2e\auth\register.spec.ts:38:7 › User Registration › should show error for duplicate email 

    [31mTest timeout of 60000ms exceeded.[39m

    Error: page.fill: Test timeout of 60000ms exceeded.
    Call log:
    [2m  - waiting for locator('input[name="name"]')[22m


       at page-objects\register-page.ts:24

      22 |    */
      23 |   async fillName(name: string) {
    > 24 |     await this.page.fill('input[name="name"]', name)
         |                     ^
      25 |   }
      26 |
      27 |   /**
        at RegisterPage.fillName (c:\Users\jeanz\OneDrive\Desktop\ROI Labs\CRM\crm-project\e2e\page-objects\register-page.ts:24:21)
        at RegisterPage.register (c:\Users\jeanz\OneDrive\Desktop\ROI Labs\CRM\crm-project\e2e\page-objects\register-page.ts:65:16)
        at c:\Users\jeanz\OneDrive\Desktop\ROI Labs\CRM\crm-project\e2e\auth\register.spec.ts:68:24

    attachment #1: screenshot (image/png) ──────────────────────────────────────────────────────────
    test-results\auth-register-User-Registr-07e9a-w-error-for-duplicate-email-firefox\test-failed-1.png
    ────────────────────────────────────────────────────────────────────────────────────────────────

    Error Context: test-results\auth-register-User-Registr-07e9a-w-error-for-duplicate-email-firefox\error-context.md


[1A[2K[2m[WebServer] [22m❌ Failed to send email: Automation disabled

[1A[2K[2m[WebServer] [22m❌ Failed to send email: Automation disabled

[1A[2K[2m[WebServer] [22m❌ Failed to send email: Automation disabled

[1A[2K[93/96] [webkit] › e2e\auth\register.spec.ts:115:7 › User Registration › should create default pipeline for new user
[1A[2K[94/96] [webkit] › e2e\example.spec.ts:4:7 › Playwright Setup Validation › should load homepage
[1A[2K[95/96] [webkit] › e2e\auth\register.spec.ts:102:7 › User Registration › should navigate to login page from register page
[1A[2K[96/96] [webkit] › e2e\example.spec.ts:15:7 › Playwright Setup Validation › should load pricing page
[1A[2K[2m[WebServer] [22m❌ Failed to send email: Automation disabled

[1A[2K  7) [webkit] › e2e\auth\login.spec.ts:129:7 › User Login › should persist session after page reload 

    [31mTest timeout of 60000ms exceeded.[39m

    Error: page.fill: Test timeout of 60000ms exceeded.
    Call log:
    [2m  - waiting for locator('input[name="email"]')[22m


       at page-objects\login-page.ts:24

      22 |    */
      23 |   async fillEmail(email: string) {
    > 24 |     await this.page.fill('input[name="email"]', email)
         |                     ^
      25 |   }
      26 |
      27 |   /**
        at LoginPage.fillEmail (c:\Users\jeanz\OneDrive\Desktop\ROI Labs\CRM\crm-project\e2e\page-objects\login-page.ts:24:21)
        at LoginPage.login (c:\Users\jeanz\OneDrive\Desktop\ROI Labs\CRM\crm-project\e2e\page-objects\login-page.ts:45:16)
        at c:\Users\jeanz\OneDrive\Desktop\ROI Labs\CRM\crm-project\e2e\auth\login.spec.ts:139:21

    attachment #1: screenshot (image/png) ──────────────────────────────────────────────────────────
    test-results\auth-login-User-Login-shou-17929-t-session-after-page-reload-webkit\test-failed-1.png
    ────────────────────────────────────────────────────────────────────────────────────────────────

    Error Context: test-results\auth-login-User-Login-shou-17929-t-session-after-page-reload-webkit\error-context.md


[1A[2K  7 failed
    [chromium] › e2e\auth\login.spec.ts:154:7 › User Login › should logout successfully ────────────
    [chromium] › e2e\auth\protected-routes.spec.ts:116:9 › Protected Routes › Session Expiration › should redirect to login after clearing cookies 
    [firefox] › e2e\auth\login.spec.ts:33:7 › User Login › should successfully login with valid credentials 
    [firefox] › e2e\auth\login.spec.ts:129:7 › User Login › should persist session after page reload 
    [firefox] › e2e\auth\login.spec.ts:154:7 › User Login › should logout successfully ─────────────
    [firefox] › e2e\auth\register.spec.ts:38:7 › User Registration › should show error for duplicate email 
    [webkit] › e2e\auth\login.spec.ts:129:7 › User Login › should persist session after page reload 
  89 passed (5.6m)
